Archive member included to satisfy reference by file (symbol)

/home/abaza/Work/POS/Bitel/NewBitel/BT-ADE-v1.06.07.std/IDE/SDK/Macaroni/BtOS/release/lib/libdebug/libBitelStdApi.a(api-comUART.o)
                              ./build/core1-sdram-debug/objs/main.o (BtOpenComPort)
/home/abaza/Work/POS/Bitel/NewBitel/BT-ADE-v1.06.07.std/IDE/SDK/Macaroni/BtOS/release/lib/libdebug/libBitelStdApi.a(api-printer.o)
                              ./build/core1-sdram-debug/objs/main.o (BtOpenPrinter)
/home/abaza/Work/POS/Bitel/NewBitel/BT-ADE-v1.06.07.std/IDE/SDK/Macaroni/BtOS/release/lib/libdebug/libBitelStdApi.a(sys_printer_m.o)
                              /home/abaza/Work/POS/Bitel/NewBitel/BT-ADE-v1.06.07.std/IDE/SDK/Macaroni/BtOS/release/lib/libdebug/libBitelStdApi.a(api-printer.o) (SYS_ClearAllPages)
/home/abaza/Work/POS/Bitel/NewBitel/BT-ADE-v1.06.07.std/IDE/SDK/Macaroni/BtOS/release/lib/libdebug/libBitelStdApi.a(api-printer-working.o)
                              ./build/core1-sdram-debug/objs/main.o (BtSetPageBuilder)
/home/abaza/Work/POS/Bitel/NewBitel/BT-ADE-v1.06.07.std/IDE/SDK/Macaroni/BtOS/release/lib/libdebug/libBitelStdApi.a(api-basicSYS.o)
                              ./build/core1-sdram-debug/objs/main.o (BtInitializeSystem)
/home/abaza/Work/POS/Bitel/NewBitel/BT-ADE-v1.06.07.std/IDE/SDK/Macaroni/BtOS/release/lib/libdebug/libBitelStdApi.a(sys_printer_working_m.o)
                              /home/abaza/Work/POS/Bitel/NewBitel/BT-ADE-v1.06.07.std/IDE/SDK/Macaroni/BtOS/release/lib/libdebug/libBitelStdApi.a(api-printer-working.o) (SYS_SetPageBuilder)
/home/abaza/Work/POS/Bitel/NewBitel/BT-ADE-v1.06.07.std/IDE/SDK/Macaroni/BtOS/release/lib/libdebug/libBitelStdApi.a(sys_key_m.o)
                              /home/abaza/Work/POS/Bitel/NewBitel/BT-ADE-v1.06.07.std/IDE/SDK/Macaroni/BtOS/release/lib/libdebug/libBitelStdApi.a(api-basicSYS.o) (SYS_KeyScan)
/home/abaza/Work/POS/Bitel/NewBitel/BT-ADE-v1.06.07.std/IDE/SDK/Macaroni/BtOS/release/lib/libdebug/libBitelStdApi.a(sys_sleep_m.o)
                              /home/abaza/Work/POS/Bitel/NewBitel/BT-ADE-v1.06.07.std/IDE/SDK/Macaroni/BtOS/release/lib/libdebug/libBitelStdApi.a(api-basicSYS.o) (SYS_sleep)
/home/abaza/Work/POS/Bitel/NewBitel/BT-ADE-v1.06.07.std/IDE/SDK/Macaroni/BtOS/release/lib/libdebug/libBitelStdApi.a(sys_uart_m.o)
                              /home/abaza/Work/POS/Bitel/NewBitel/BT-ADE-v1.06.07.std/IDE/SDK/Macaroni/BtOS/release/lib/libdebug/libBitelStdApi.a(api-comUART.o) (UART_Deinitialize)
/home/abaza/Work/POS/Bitel/NewBitel/BT-ADE-v1.06.07.std/IDE/SDK/Macaroni/BtOS/release/lib/libdebug/libBitelStdApi.a(sys_system_m.o)
                              /home/abaza/Work/POS/Bitel/NewBitel/BT-ADE-v1.06.07.std/IDE/SDK/Macaroni/BtOS/release/lib/libdebug/libBitelStdApi.a(api-basicSYS.o) (SYS_InitializeSystem)
/home/abaza/Work/POS/Bitel/NewBitel/BT-ADE-v1.06.07.std/IDE/SDK/Macaroni/BtOS/release/lib/libdebug/libBitelStdApi.a(sys_flashrom_m.o)
                              /home/abaza/Work/POS/Bitel/NewBitel/BT-ADE-v1.06.07.std/IDE/SDK/Macaroni/BtOS/release/lib/libdebug/libBitelStdApi.a(api-basicSYS.o) (SYS_FlashSetSectorSize)
/home/abaza/Work/POS/Bitel/NewBitel/BT-ADE-v1.06.07.std/IDE/SDK/Macaroni/BtOS/release/lib/libdebug/libBitelStdApi.a(sys_misc_m.o)
                              /home/abaza/Work/POS/Bitel/NewBitel/BT-ADE-v1.06.07.std/IDE/SDK/Macaroni/BtOS/release/lib/libdebug/libBitelStdApi.a(api-basicSYS.o) (SYS_ReadWriteBBS)
/home/abaza/Work/POS/Bitel/NewBitel/BT-ADE-v1.06.07.std/IDE/SDK/Macaroni/BtOS/release/lib/libdebug/libBitelStdApi.a(sys_simselect_m.o)
                              /home/abaza/Work/POS/Bitel/NewBitel/BT-ADE-v1.06.07.std/IDE/SDK/Macaroni/BtOS/release/lib/libdebug/libBitelStdApi.a(api-basicSYS.o) (SYS_SimSelect)
/home/abaza/Work/POS/Bitel/NewBitel/BT-ADE-v1.06.07.std/IDE/SDK/Macaroni/BtOS/release/lib/libdebug/libBitelStdApi.a(sys_powermgmt_m.o)
                              /home/abaza/Work/POS/Bitel/NewBitel/BT-ADE-v1.06.07.std/IDE/SDK/Macaroni/BtOS/release/lib/libdebug/libBitelStdApi.a(api-basicSYS.o) (SYS_ReadPowerSavingStatus)
/home/abaza/Work/POS/Bitel/NewBitel/BT-ADE-v1.06.07.std/IDE/SDK/Macaroni/BtOS/release/lib/libdebug/libBitelStdApi.a(sys_rtc_gregorian_m.o)
                              /home/abaza/Work/POS/Bitel/NewBitel/BT-ADE-v1.06.07.std/IDE/SDK/Macaroni/BtOS/release/lib/libdebug/libBitelStdApi.a(api-basicSYS.o) (SYS_IsGregorianLeepYear)
/home/abaza/Work/POS/Bitel/NewBitel/BT-ADE-v1.06.07.std/IDE/SDK/Macaroni/BtOS/release/lib/libdebug/libBitelStdApi.a(sys_rtc_m.o)
                              /home/abaza/Work/POS/Bitel/NewBitel/BT-ADE-v1.06.07.std/IDE/SDK/Macaroni/BtOS/release/lib/libdebug/libBitelStdApi.a(api-basicSYS.o) (SYS_SetRealTimeClock)
/home/abaza/Work/POS/Bitel/NewBitel/BT-ADE-v1.06.07.std/IDE/SDK/Macaroni/BtOS/release/lib/libdebug/libBitelStdApi.a(sys_beep_m.o)
[...]
Memory Configuration

Name             Origin             Length             Attributes
irom             0x0000000000000000 0x0000000000020000 xr
itcm             0x0000000000600000 0x0000000000001000 xr
dtcm             0x0000000000700000 0x0000000000001000 rw
iram             0x0000000000900000 0x0000000000060000 xrw
iram_novect      0x0000000000901000 0x000000000005f000 xrw
iram1            0x0000000000900000 0x0000000000010000 xrw
iram2            0x0000000000910000 0x0000000000050000 xrw
nvsram           0x0000000000a00000 0x0000000000010000 xrw
iram_a           0x00000000ffff0000 0x0000000000010000 xrw
iram_avect       0x00000000ffff0000 0x0000000000001000 xrw
nand             0x0000000010000000 0x0000000020000000 rw
sram             0x0000000030000000 0x0000000004000000 xrw
nor              0x0000000040000000 0x0000000002000000 rw
sdram0           0x0000000070000000 0x0000000020000000 xrw
sdram1           0x0000000090000000 0x0000000020000000 xrw
*default*        0x0000000000000000 0xffffffffffffffff

Linker script and memory map

LOAD ./build/core1-sdram-debug/objs/printer_pageutils.o
LOAD ./build/core1-sdram-debug/objs/printer_logo_default.o
LOAD ./build/core1-sdram-debug/objs/RefTable.o
LOAD ./build/core1-sdram-debug/objs/printer_pagebuilder.o
LOAD ./build/core1-sdram-debug/objs/main.o
LOAD ./build/core1-sdram-debug/objs/io.o
LOAD /home/abaza/Work/POS/Bitel/NewBitel/BT-ADE-v1.06.07.std/IDE/SDK/Macaroni/BtOS/release/objs-btos/bt_util.o
LOAD /home/abaza/Work/POS/Bitel/NewBitel/BT-ADE-v1.06.07.std/IDE/SDK/Macaroni/BtOS/release/objs-btos/cstartup.o
LOAD /home/abaza/Work/POS/Bitel/NewBitel/BT-ADE-v1.06.07.std/IDE/SDK/Macaroni/BtOS/release/objs-btos/fntdata.o
LOAD /home/abaza/Work/POS/Bitel/NewBitel/BT-ADE-v1.06.07.std/IDE/SDK/Macaroni/BtOS/release/objs-btos/wrkutil.o
LOAD /home/abaza/Work/POS/Bitel/NewBitel/BT-ADE-v1.06.07.std/IDE/SDK/Macaroni/BtOS/release/objs-btos/CryptoLib.o
LOAD /home/abaza/Work/POS/Bitel/NewBitel/BT-ADE-v1.06.07.std/IDE/SDK/Macaroni/BtOS/release/objs-btos/ppdrv.o
LOAD /home/abaza/Work/POS/Bitel/NewBitel/BT-ADE-v1.06.07.std/IDE/SDK/Macaroni/BtOS/release/lib/libdebug/libBitelStdApi.a
LOAD /home/abaza/Work/POS/Bitel/NewBitel/BT-ADE-v1.06.07.std/IDE/SDK/Macaroni/BtOS/release/lib/libdebug/librsa.a
LOAD /home/abaza/Work/POS/Bitel/NewBitel/BT-ADE-v1.06.07.std/IDE/SDK/Macaroni/BtOS/release/lib/libdebug/libEMVL2APP/libemvtl.a
LOAD /home/abaza/Work/POS/Bitel/NewBitel/BT-ADE-v1.06.07.std/IDE/SDK/Macaroni/BtOS/release/lib/libdebug/libcontact.a
LOAD /home/abaza/Work/POS/Bitel/NewBitel/BT-ADE-v1.06.07.std/IDE/SDK/Macaroni/BtOS/release/lib/libdebug/libcontactless.a
LOAD /home/abaza/Work/POS/Bitel/NewBitel/BT-ADE-v1.06.07.std/IDE/SDK/Macaroni/BtOS/release/lib/libdebug/libmiscajc-bitel.a
LOAD /home/abaza/Work/POS/Bitel/NewBitel/BT-ADE-v1.06.07.std/IDE/SDK/Macaroni/SoC/release/lib/libdebug/libdrvsoc.a
LOAD /opt/gcc-arm-none-eabi/bin/../lib/gcc/arm-none-eabi/6.3.1/../../../../arm-none-eabi/lib/libm.a
LOAD /opt/gcc-arm-none-eabi/bin/../lib/gcc/arm-none-eabi/6.3.1/../../../../arm-none-eabi/lib/libc.a
LOAD /opt/gcc-arm-none-eabi/bin/../lib/gcc/arm-none-eabi/6.3.1/libgcc.a
                0x00000000700006fc                PROVIDE (__reset, __reset_core1)
                0x0000000001800000                __heap_size = 0x1800000
                0x0000000000400000                __stack_size = 0x400000
                0x0000000000000040                __section_cpu_context_size = 0x40

.bootstrap      0x0000000070000000      0x700
 *(.rvect)
 .rvect         0x0000000070000000      0x6fc /home/abaza/Work/POS/Bitel/NewBitel/BT-ADE-v1.06.07.std/IDE/SDK/Macaroni/BtOS/release/objs-btos/cstartup.o
                0x0000000070000000                __reset_vectors
 *(.reset)
 .reset         0x00000000700006fc        0x4 /home/abaza/Work/POS/Bitel/NewBitel/BT-ADE-v1.06.07.std/IDE/SDK/Macaroni/BtOS/release/objs-btos/cstartup.o
                0x00000000700006fc                __reset_core1

.text.init      0x0000000070000700      0x624
                0x0000000070000700                __INIT_SECTION__ = .
                0x0000000070000700                _init = .
                0x0000000070000700                _start = DEFINED (__start_asm)?__start_asm:_start
                0x0000000070000c00                __handler_undefined__ = DEFINED (__handler_undefined)?__handler_undefined:__handler_undefined_
                0x0000000070000c20                __handler_swi__ = DEFINED (__handler_swi)?__handler_swi:__handler_swi_
                0x0000000070000c60                __handler_prefetch__ = DEFINED (__handler_prefetch)?__handler_prefetch:__handler_prefetch_
                0x0000000070000c38                __handler_abort__ = DEFINED (__handler_abort)?__handler_abort:__handler_abort_
                0x0000000070000c88                __handler_irq__ = DEFINED (__handler_irq)?__handler_irq:__handler_irq_
                0x0000000070000cac                __handler_fiq__ = DEFINED (__handler_fiq)?__handler_fiq:__handler_fiq_
                0x0000000070043d58                _handler_undefined_ = DEFINED (handler_undefined)?handler_undefined:handler_undefined_
                0x0000000070043d78                _handler_swi_ = DEFINED (handler_swi)?handler_swi:handler_swi_
                0x0000000070043dc0                _handler_prefetch_ = DEFINED (handler_prefetch)?handler_prefetch:handler_prefetch_
                0x0000000070043d98                _handler_abort_ = DEFINED (handler_abort)?handler_abort:handler_abort_
                0x0000000070043de4                _handler_irq_ = DEFINED (handler_irq)?handler_irq:handler_irq_
                0x0000000070043dfc                _handler_fiq_ = DEFINED (handler_fiq)?handler_firq:handler_fiq_
 *(.text.init0)
 .text.init0    0x0000000070000700      0x4ac /home/abaza/Work/POS/Bitel/NewBitel/BT-ADE-v1.06.07.std/IDE/SDK/Macaroni/BtOS/release/objs-btos/cstartup.o
                0x0000000070000700                __start_asm
                0x0000000070000a38                GUARD_SETUP
                0x0000000070000a5c                MAPP_INIT
                0x0000000070000b20                CHANGE_M2T
 *(.text.init)
 .text.init     0x0000000070000bac       0x3c /home/abaza/Work/POS/Bitel/NewBitel/BT-ADE-v1.06.07.std/IDE/SDK/Macaroni/BtOS/release/objs-btos/cstartup.o
                0x0000000070000bac                __wordcopy
 .text.init     0x0000000070000be8       0x18 /home/abaza/Work/POS/Bitel/NewBitel/BT-ADE-v1.06.07.std/IDE/SDK/Macaroni/SoC/release/lib/libdebug/libdrvsoc.a(start_c.o)
                0x0000000070000be8                __start_c
 *(.handlers)
 .handlers      0x0000000070000c00      0x124 /home/abaza/Work/POS/Bitel/NewBitel/BT-ADE-v1.06.07.std/IDE/SDK/Macaroni/BtOS/release/objs-btos/cstartup.o
                0x0000000070000c00                __handler_undefined_
                0x0000000070000c20                __handler_swi_
                0x0000000070000c38                __handler_abort_
                0x0000000070000c60                __handler_prefetch_
                0x0000000070000c88                __handler_irq_
                0x0000000070000cac                __handler_fiq_
                0x0000000070000cd0                __handler_nested_irq
                0x0000000070000d24                __FINI_SECTION__ = .
                0x0000000070000d24                _fini = .

.text           0x0000000070000d40    0x4f480
                0x0000000070000d40                __section_start_text = .
 *(.reftable)
 .reftable      0x0000000070000d40       0x44 ./build/core1-sdram-debug/objs/RefTable.o
                0x0000000070000d40                REFTABLE
 *(.text .text.* .gnu.linkonce.t.*)
 .text          0x0000000070000d84      0x8c0 ./build/core1-sdram-debug/objs/printer_pageutils.o
                0x0000000070000f58                strmoney
                0x000000007000103c                strmoney2
                0x0000000070001120                AttrPprintf
                0x000000007000131c                CenterAlignPrint
                0x00000000700013d8                Pprintf
                0x0000000070001464                HeadTitleForm
 .text          0x0000000070001644        0x0 ./build/core1-sdram-debug/objs/printer_logo_default.o
 .text          0x0000000070001644        0x0 ./build/core1-sdram-debug/objs/RefTable.o
 .text          0x0000000070001644     0x1d08 ./build/core1-sdram-debug/objs/printer_pagebuilder.o
                0x0000000070001644                ToArabic
                0x00000000700023a4                Arabic_Printer_printf
                0x0000000070002424                PageBuilderF1Key
                0x00000000700027bc                PageBuilderF2Key
                0x0000000070002b88                PageBuilderF3Key
                0x0000000070002f54                PageBuilderPrintKeyValue
                0x00000000700031e4                ArabicPrinter
 .text          0x000000007000334c      0x850 ./build/core1-sdram-debug/objs/main.o
                0x000000007000334c                main
 .text          0x0000000070003b9c      0x344 ./build/core1-sdram-debug/objs/io.o
                0x0000000070003b9c                _read
                0x0000000070003c5c                _write
                0x0000000070003ce4                _open
                0x0000000070003d1c                _close
                0x0000000070003d40                _sbrk
                0x0000000070003ddc                _isatty
                0x0000000070003e00                _lseek
                0x0000000070003e38                _fstat
                0x0000000070003e6c                _gettimeofday
 .text          0x0000000070003ee0    0x130b8 /home/abaza/Work/POS/Bitel/NewBitel/BT-ADE-v1.06.07.std/IDE/SDK/Macaroni/BtOS/release/objs-btos/bt_util.o
                0x0000000070003f4c                SYSINIT
                0x0000000070004454                VARINIT
                0x0000000070004960                TRACK_SETUP
                0x00000000700049cc                MSR_PORT_INPUT
                0x0000000070004a10                MSR_PORT_OUTPUT
                0x0000000070004a5c                RLEFAX_DECODER
                0x0000000070004e34                CORE_DECODER
                0x000000007000515c                DIRT_DECODER
                0x0000000070005558                MOVETO_FBUFF
                0x00000000700055a0                EB_MOVETO_FBUFF
                0x00000000700055e8                TOUCH_EVENT
                0x0000000070005780                READ_TOUCHEVENT
                0x0000000070005a2c                CHECK_DECODERSTATUS
                0x0000000070005ad8                CICON_DISPLAY
                0x0000000070005ec4                ICON_REFLASH
                0x0000000070005fcc                FBREAD
                0x00000000700060dc                FBWRITE
                0x0000000070006218                THERMAL_INT
                0x0000000070007f4c                INTTIME_SUB
                0x0000000070008490                INIT_CR
                0x00000000700089d4                PAPER_READ
                0x0000000070008a74                CHECK_PAPER
                0x0000000070008a98                INIT_SYSTEM
                0x0000000070008c44                INITLCD
                0x00000000700090f0                LCDON
                0x00000000700091ac                LCDOFF
                0x0000000070009214                LCDEXTRA_AREA
                0x0000000070009364                RS232_SETUP
                0x000000007000937c                RS232_ENABLE
                0x0000000070009394                RS232_TX_STATUS
                0x000000007000941c                RS232_RX_COUNT_DEC
                0x000000007000942c                RS232_DATA_READ
                0x000000007000943c                LCD_CONT
                0x00000000700095d0                COLUMND
                0x0000000070009680                icorpld
                0x00000000700096a8                CORPLD
                0x00000000700096e0                PAGELD
                0x0000000070009774                MAKEDI0
                0x000000007000978c                MAKEDI1
                0x00000000700097a4                MAKEDLD
                0x00000000700097c0                MMAKEDLD
                0x0000000070009914                GRADATA_LOAD
                0x00000000700099b4                GRA64LD
                0x0000000070009ab4                GRADATALOAD240OFFSET
                0x0000000070009ad0                GRADATALOAD240
                0x0000000070009cac                GRAPOSITION240
                0x0000000070009d3c                FNTLD
                0x0000000070009ff4                POWER_ICON_DISPLAY
                0x000000007000a324                GET_KEYDATA
                0x000000007000a380                KEYDECODER
                0x000000007000a6fc                LCD_BACKON_BYKEY
                0x000000007000a7d0                BEEP_TONE
                0x000000007000aa54                DLY10MS
                0x000000007000aad0                DELAY_MS
                0x000000007000aaf0                DELAY_US
                0x000000007000ab70                SENSOR_SET_CONFIG
                0x000000007000ac28                SENSOR_CAUSE
                0x000000007000ac40                SIM_SELECT
                0x000000007000ac68                CHK_VERNUM
                0x000000007000acc4                GET_HWDATA
                0x000000007000ad40                GET_FONTDATA
                0x000000007000ad64                FIND_APPLICATION
                0x000000007000af3c                SELECT_APPLICATION
                0x000000007000af98                SAVE_BOOT_APPLICATION
                0x000000007000afec                FLASH_WRITE
                0x000000007000b0e4                flashw2entry
                0x000000007000b0ec                FLASH_SECTOR_ERASE
                0x000000007000b19c                BIOSUP_ESUB
                0x000000007000b1a4                ENTER_AFTER_KEYLOAD
                0x000000007000b1ec                enable_interrupt
                0x000000007000b200                disable_interrupt
                0x000000007000b214                INITTIMER
                0x000000007000b30c                INITEXP
                0x000000007000b36c                MODEM_RESET
                0x000000007000b3a8                WIFI_POWER_ON
                0x000000007000b3ec                WIFI_POWER_OFF
                0x000000007000b410                LCD_RESET
                0x000000007000b438                SCC_RESET
                0x000000007000b46c                ENTER_RESET
                0x000000007000b50c                KEYS_TYPE
                0x000000007000b54c                CARD_ENABLE
                0x000000007000b640                CARD_DISABLE
                0x000000007000b6a8                FLASH_RAM_PROGRAM32
                0x000000007000bdac                LCDCONT_SEXIST
                0x000000007000bdf8                LCDCONT_SAVE
                0x000000007000be2c                syscall_service
                0x000000007000c400                INIT_PAPER
                0x000000007000c5bc                gpio4_service
                0x000000007000c61c                TIMER0_INT
                0x000000007000d750                uart0_service
                0x000000007000d8c0                uart1_service
                0x000000007000da30                uart2_service
                0x000000007000dba0                gpio1_service
                0x000000007000df84                BLCD_PORT_INIT
                0x000000007000e024                CLCD_PORT_INIT
                0x000000007000e158                CLCD36_DISPLAY_INIT
                0x000000007000e2c8                SKBD_PORT_INIT
                0x000000007000e3dc                KEYBOARD_INT
                0x000000007000e42c                INITUART
                0x000000007000e590                READ_POWER_SAVING_STATUS
                0x000000007000e5e0                CONTROL_POWER_SAVING_STATUS
                0x000000007000e94c                BACK_ONOFF
                0x000000007000e95c                BACK_ON
                0x000000007000e9d8                BACK_OFF
                0x000000007000ea54                ENTER_STANDBY
                0x000000007000eda0                POWER_OFF
                0x000000007000edf0                SAVING_INT_SERVICE_ROUTINE
                0x000000007000ee70                SET_TX_TIME_INTERVAL
                0x000000007000ee78                SET_TX_TIME_INTERVAL_MS
                0x000000007000eebc                WrCom_with_Delay
                0x000000007000ef98                FLASHIDREAD
                0x000000007000f0c0                NAND_PORT_INIT
                0x000000007000f128                NANDIDREAD
                0x000000007000f19c                NAND_WRITE
                0x000000007000f310                NAND_BLOCK_ERASE
                0x000000007000f3d0                NAND_READ
                0x000000007000f514                NAND_BADINFO_READ
                0x000000007000f634                NAND_BBI_SAVE
                0x000000007000f6a0                RTC_INT
                0x000000007000f6c0                MSR_PORT_INIT
                0x000000007000f7dc                magtek_msr_reset
                0x000000007000f93c                CARD_READ
                0x0000000070010f08                CSTR_DISPLAY
                0x0000000070011128                CSTRDISP
                0x00000000700113b8                CBOXDISP
                0x00000000700113f0                CLCDDISP
                0x000000007001186c                CFONT_LOAD
                0x0000000070011950                CLINE_DRAWING
                0x0000000070011b38                CBOX_DRAWING
                0x0000000070011c5c                i2c_data_write
                0x0000000070011dc8                i2c_data_read
                0x0000000070011f9c                I2C_DATA_RX
                0x0000000070011fa8                I2C_DATA_TX
                0x0000000070011fac                SET_C24BIT_MODE
                0x000000007001205c                SET_DISP_ATTB
                0x000000007001208c                VKB_DISPLAY
                0x0000000070012520                I2C_INIT
                0x00000000700125e0                TP_I2C_INIT
                0x0000000070012690                gpio0_service
                0x00000000700126e0                gpio0s_extended
                0x0000000070012cc0                IO_WRITE_U32
                0x0000000070012cc8                IO_READ_U32
                0x0000000070012cd4                sensor_write
                0x0000000070012d08                VICON_DISPLAY
                0x0000000070012d80                CHECK_PASS
                0x0000000070012da0                GET_AES_RESULT
                0x0000000070012f90                ENTER_DRS
                0x0000000070013024                AESKG_EXEC
                0x000000007001304c                GET_TRUE_RANDOM_NUMBER
                0x0000000070013090                MAXIM_MSR_PORT_INIT
                0x000000007001320c                msri2c_data_write
                0x0000000070013430                msri2c_data_read
                0x0000000070013708                DEC_MSRI2C_DATA
                0x0000000070013814                COLOR_LCD_INIT
                0x0000000070013b68                CLCD35_WRITE
                0x0000000070013c68                CLCD37_WRITE
                0x0000000070013e1c                CLCD35_DISPLAY_INIT
                0x0000000070013f4c                CLCD37_DISPLAY_INIT
                0x00000000700140e0                LAN_PORT_INIT
                0x00000000700141d8                IINCHIP_CSoff
                0x0000000070014214                IINCHIP_CSon
                0x000000007001424c                LAN_RESET
                0x000000007001428c                IINCHIP_SpiSendData
                0x00000000700142b8                meminit
                0x0000000070014328                ICON5500_DISPLAY
                0x00000000700143dc                mem2mem
                0x0000000070014434                app_ioctl
                0x0000000070014440                GPIO_DATA_SAVE
                0x0000000070014810                NVS_CTL
                0x00000000700148a0                multi_extended
                0x0000000070014990                SET_MULTITASKING_USAGE
                0x0000000070014a78                SET_TASK_STACK_SIZE
                0x0000000070014ac4                SET_TASK_PRIORITY_MODE
                0x0000000070014aec                SET_TASK_CHANGE_TIME
                0x0000000070014b24                TASK_START
                0x0000000070014cec                TASK_STOP
                0x0000000070014d48                TASK_RETURN
                0x0000000070014dac                TASK_SLEEP
                0x0000000070014e8c                fi_mkfs
                0x000000007001516c                FLASH_EMPTY_CHECK
                0x00000000700151a8                GET_FILE_NUMBER
                0x0000000070015290                GET_FILE_SIZE
                0x00000000700152f8                fi_open
                0x00000000700153f8                fi_close
                0x0000000070015410                fi_write
                0x00000000700154ec                GET_HW_INFO
                0x000000007001553c                BBSRAM_Rd_Write
                0x00000000700155b4                INOTP_RW
                0x000000007001570c                SAVE_PROD_ID
                0x0000000070015880                GET_PROD_ID
                0x000000007001593c                KDATA_RW
                0x0000000070015b38                GET_MAC_ID
                0x0000000070015bf0                SAVE_MAC_ID
                0x0000000070015d48                WRITE_APP_PROGRAM
                0x0000000070015e78                GET_1M_TIMER
                0x0000000070015e8c                default_isr0
                0x0000000070015ea0                default_isr1
                0x0000000070015eb4                default_isr2
                0x0000000070015ec8                default_isr
                0x0000000070015fc0                TOUCHCALDISP
                0x000000007001670c                FONT1BITLD
                0x0000000070016804                FONT1BITDLD
                0x0000000070016904                FONT1BITDLDN
                0x0000000070016a04                CLCDDSPSP
                0x0000000070016a58                CLCDDSPST
                0x0000000070016afc                POWER_KEY_INHIBIT
                0x0000000070016b60                SAVE_HWINFO_ID
                0x0000000070016cdc                GET_HWINFO_ID
                0x0000000070016d9c                GET_BIOS_VER
                0x0000000070016e18                BIOSUPDSPC
 .text          0x0000000070016f98       0x38 /home/abaza/Work/POS/Bitel/NewBitel/BT-ADE-v1.06.07.std/IDE/SDK/Macaroni/BtOS/release/objs-btos/cstartup.o
                0x0000000070016f98                __gnu_mcount_nc
                0x0000000070016fa4                arm926_flush_cache_all
                0x0000000070016fc4                arm926_flush_icache_all
 .text          0x0000000070016fd0        0x0 /home/abaza/Work/POS/Bitel/NewBitel/BT-ADE-v1.06.07.std/IDE/SDK/Macaroni/BtOS/release/objs-btos/fntdata.o
 .text          0x0000000070016fd0     0x3534 /home/abaza/Work/POS/Bitel/NewBitel/BT-ADE-v1.06.07.std/IDE/SDK/Macaroni/BtOS/release/objs-btos/wrkutil.o
 .text          0x000000007001a504     0x3c00 /home/abaza/Work/POS/Bitel/NewBitel/BT-ADE-v1.06.07.std/IDE/SDK/Macaroni/BtOS/release/objs-btos/CryptoLib.o
                0x000000007001a504                MakeTerminalPekInfo
                0x000000007001a6cc                CheckServerPekInfo
                0x000000007001a89c                _GetKeyInfoData
                0x000000007001aa38                CryptoKeyLoad
                0x000000007001c764                CAPKLoad
                0x000000007001df30                CryptoKeyCheck
 .text          0x000000007001e104     0x7e94 /home/abaza/Work/POS/Bitel/NewBitel/BT-ADE-v1.06.07.std/IDE/SDK/Macaroni/BtOS/release/objs-btos/ppdrv.o
                0x000000007001e104                DefPinMsgHandler
                0x000000007001e13c                DisplayMsg
                0x000000007001e648                Char2Hex
                0x000000007001e7f4                Hex2Char
                0x000000007001e8f0                InitComm
                0x000000007001e994                InitPinpadDrv
                0x000000007001eb80                SetPinpadMode
                0x000000007001ebb0                SetPinpadDisplayLine
                0x000000007001ebe0                SetPinpadIdlePromptOnOff
                0x000000007001ec20                DrvWrCom
                0x000000007001ece0                DrvRdCom
                0x000000007001ed98                GetPEDR_COUNT
                0x000000007001edbc                WrPED
                0x000000007001ee7c                RdPED
                0x000000007001ef4c                SendRespPacket
                0x000000007002012c                CheckHexValue
                0x00000000700201e0                CheckHexVal
                0x0000000070020218                InputPinpadKey
                0x0000000070020684                PinpadDrvTask
                0x0000000070022444                ProcPinData
                0x00000000700246b4                SaveDukptKey
                0x00000000700247b4                LoadDukptKey
                0x0000000070024db0                dUKPT_LoadInit
                0x00000000700255a0                dUKPT_getPEK
                0x00000000700258dc                ComputeMAC
                0x0000000070025a24                PED_EncryptDUKPT
                0x0000000070025b18                PED_LoadInitKey
                0x0000000070025b7c                PED_GenerateMAC
                0x0000000070025bf4                InitPinpadBypassTask
                0x0000000070025c44                PinpadBypassTask
                0x0000000070025d18                SetPinWait
                0x0000000070025d44                GetPinWait
                0x0000000070025d68                RequestPinBlock2
 .text          0x0000000070025f98      0x17c /home/abaza/Work/POS/Bitel/NewBitel/BT-ADE-v1.06.07.std/IDE/SDK/Macaroni/BtOS/release/lib/libdebug/libBitelStdApi.a(api-comUART.o)
                0x0000000070025f98                BtOpenComPort
                0x0000000070025fd0                BtCloseComPort
                0x0000000070025ff8                BtWriteComPort
                0x0000000070026028                BtRdComPort
                0x0000000070026070                BtCheckTxDoneComPort
                0x00000000700260a8                BtWaitTxDoneComPort
                0x00000000700260dc                BtCheckRxInputComPort
 .text          0x0000000070026114      0x41c /home/abaza/Work/POS/Bitel/NewBitel/BT-ADE-v1.06.07.std/IDE/SDK/Macaroni/BtOS/release/lib/libdebug/libBitelStdApi.a(api-printer.o)
                0x0000000070026114                BtOpenPrinter
                0x0000000070026168                BtClosePrinter
                0x00000000700261ac                BtGetPageCharAddr
                0x0000000070026208                BtGetPageAttrAddr
                0x0000000070026284                BtGetPageMaxLineNum
                0x00000000700262bc                BtGetPageMaxCharNumPerLine
                0x00000000700262f4                BtClearAllPages
                0x0000000070026338                BtClearPage
                0x0000000070026384                BtSetFormFeed
                0x00000000700263d0                BtAssignGraphic
                0x0000000070026404                BtSetPreference
                0x0000000070026450                BtGetPreference
                0x0000000070026480                BtSetLineSpace
                0x00000000700264cc                BtGetLineSpace
                0x00000000700264fc                BtSavePrintKey
 .text          0x0000000070026530      0x85c /home/abaza/Work/POS/Bitel/NewBitel/BT-ADE-v1.06.07.std/IDE/SDK/Macaroni/BtOS/release/lib/libdebug/libBitelStdApi.a(sys_printer_m.o)
                0x00000000700266b4                SYS_GetPrinterContext
                0x00000000700266d4                SYS_OpenPrinter
                0x0000000070026820                SYS_ClosePrinter
                0x0000000070026880                SYS_ClearAllPages
                0x000000007002699c                SYS_ClearPage
                0x0000000070026a90                SYS_SetFormFeed
                0x0000000070026acc                SYS_AssignGraphic
                0x0000000070026b44                SYS_SetPreference
                0x0000000070026ba0                SYS_GetPreference
                0x0000000070026bc8                SYS_SetLineSpace
                0x0000000070026c18                SYS_GetLineSpace
                0x0000000070026c40                SYS_SeekNoPaper
                0x0000000070026c60                SYS_PaperRead
                0x0000000070026c88                SYS_OnLineRead
                0x0000000070026cb0                SYS_MakeOnLine
                0x0000000070026ccc                SYS_MakeOffLine
                0x0000000070026ce8                SYS_PrintFromFrist
                0x0000000070026d04                SYS_DisablePrinterProtection
                0x0000000070026d20                SYS_EnablePrinterProtection
                0x0000000070026d3c                SYS_CheckPaper
                0x0000000070026d60                SYS_SavePrintKey
 .text          0x0000000070026d8c      0x1b0 /home/abaza/Work/POS/Bitel/NewBitel/BT-ADE-v1.06.07.std/IDE/SDK/Macaroni/BtOS/release/lib/libdebug/libBitelStdApi.a(api-printer-working.o)
                0x0000000070026d8c                BtSetPageBuilder
                0x0000000070026dfc                BtStartPrintingPage
                0x0000000070026e48                BtIsPrinterBusy
                0x0000000070026ea8                BtGetPrinterWorkingStatus
                0x0000000070026ee0                BtPrinterWorking
 .text          0x0000000070026f3c      0x57c /home/abaza/Work/POS/Bitel/NewBitel/BT-ADE-v1.06.07.std/IDE/SDK/Macaroni/BtOS/release/lib/libdebug/libBitelStdApi.a(api-basicSYS.o)
                0x0000000070026f3c                BtInitializeSystem
                0x0000000070026fe8                Btprintf
                0x000000007002703c                BtprintHex
                0x000000007002706c                BtSetConsolePort
                0x0000000070027094                BtDelay
                0x00000000700270b4                BtmDelay
                0x00000000700270d4                BtuDelay
                0x00000000700270f4                BtGetTickCountMs
                0x0000000070027118                BtGetElapseTimeMs
                0x0000000070027144                BtKeyScan
                0x0000000070027170                BtBeepTone
                0x00000000700271a8                BtSimSelect
                0x00000000700271c8                BtSetRealTimeClock
                0x00000000700271e8                BtGetRealTimeClock
                0x000000007002721c                BtIsGregorianLeapYear
                0x0000000070027250                BtGetGregorianDaysInMonth
                0x000000007002728c                BtGetGregorianDayOfYear
                0x00000000700272d0                BtGetGregorianDayOfWeek
                0x0000000070027314                BtSetFlashRomSectorSize
                0x0000000070027334                BtReadFlashRom
                0x0000000070027378                BtWriteFlashRom
                0x00000000700273bc                BtReadPowerSavingStatus
                0x00000000700273e4                BtControlPowerSavingStatus
                0x000000007002740c                BtEnterStandby
                0x000000007002741c                BtPowerOff
                0x000000007002742c                BtEnterReset
                0x000000007002743c                BtReadWriteBBS
                0x0000000070027474                BtWriteAppProgram
 .text          0x00000000700274b8      0x4c0 /home/abaza/Work/POS/Bitel/NewBitel/BT-ADE-v1.06.07.std/IDE/SDK/Macaroni/BtOS/release/lib/libdebug/libBitelStdApi.a(sys_printer_working_m.o)
                0x00000000700274b8                SYS_SetPageBuilder
                0x0000000070027520                SYS_StartPrintingPage
                0x00000000700275f4                SYS_GetPrinterWorkingStatus
                0x000000007002762c                SYS_GetPrintingNeed
                0x0000000070027664                SYS_NotiPrintingNeed
                0x00000000700276ac                SYS_ClearPrintingNeed
                0x00000000700276d8                SYS_PrinterTask
 .text          0x0000000070027978       0x3c /home/abaza/Work/POS/Bitel/NewBitel/BT-ADE-v1.06.07.std/IDE/SDK/Macaroni/BtOS/release/lib/libdebug/libBitelStdApi.a(sys_key_m.o)
                0x0000000070027978                SYS_KeyScan
 .text          0x00000000700279b4      0x154 /home/abaza/Work/POS/Bitel/NewBitel/BT-ADE-v1.06.07.std/IDE/SDK/Macaroni/BtOS/release/lib/libdebug/libBitelStdApi.a(sys_sleep_m.o)
                0x00000000700279b4                SYS_sleep
                0x0000000070027a14                SYS_msleep
                0x0000000070027a48                SYS_usleep
                0x0000000070027a7c                SYS_GetTickCountMs
                0x0000000070027ab0                SYS_GetElapseTimeMs
 .text          0x0000000070027b08      0x3f8 /home/abaza/Work/POS/Bitel/NewBitel/BT-ADE-v1.06.07.std/IDE/SDK/Macaroni/BtOS/release/lib/libdebug/libBitelStdApi.a(sys_uart_m.o)
                0x0000000070027b08                UART_Deinitialize
                0x0000000070027b24                UART_Open
                0x0000000070027b5c                UART_Close
                0x0000000070027b94                UART_Write
                0x0000000070027bc4                UART_Read
                0x0000000070027dd4                UART_CheckTxDone
                0x0000000070027e10                UART_WaitTxDone
                0x0000000070027e54                UART_CheckRxInput
 .text          0x0000000070027f00       0x14 /home/abaza/Work/POS/Bitel/NewBitel/BT-ADE-v1.06.07.std/IDE/SDK/Macaroni/BtOS/release/lib/libdebug/libBitelStdApi.a(sys_system_m.o)
                0x0000000070027f00                SYS_InitializeSystem
 .text          0x0000000070027f14      0x280 /home/abaza/Work/POS/Bitel/NewBitel/BT-ADE-v1.06.07.std/IDE/SDK/Macaroni/BtOS/release/lib/libdebug/libBitelStdApi.a(sys_flashrom_m.o)
                0x0000000070027f14                SYS_FlashSetSectorSize
                0x0000000070028078                SYS_FlashRead
                0x00000000700280fc                SYS_FlashWrite
                0x0000000070028154                SYS_WriteAppProgram
 .text          0x0000000070028194       0x38 /home/abaza/Work/POS/Bitel/NewBitel/BT-ADE-v1.06.07.std/IDE/SDK/Macaroni/BtOS/release/lib/libdebug/libBitelStdApi.a(sys_misc_m.o)
                0x0000000070028194                SYS_ReadWriteBBS
 .text          0x00000000700281cc       0x34 /home/abaza/Work/POS/Bitel/NewBitel/BT-ADE-v1.06.07.std/IDE/SDK/Macaroni/BtOS/release/lib/libdebug/libBitelStdApi.a(sys_simselect_m.o)
                0x00000000700281cc                SYS_SimSelect
 .text          0x0000000070028200       0xac /home/abaza/Work/POS/Bitel/NewBitel/BT-ADE-v1.06.07.std/IDE/SDK/Macaroni/BtOS/release/lib/libdebug/libBitelStdApi.a(sys_powermgmt_m.o)
                0x0000000070028200                SYS_ReadPowerSavingStatus
                0x0000000070028238                SYS_ControlPowerSavingStatus
                0x000000007002827c                SYS_EnterStandby
                0x000000007002828c                SYS_PowerOff
                0x000000007002829c                SYS_EnterReset
 .text          0x00000000700282ac       0xf8 /home/abaza/Work/POS/Bitel/NewBitel/BT-ADE-v1.06.07.std/IDE/SDK/Macaroni/BtOS/release/lib/libdebug/libBitelStdApi.a(sys_rtc_gregorian_m.o)
                0x00000000700282ac                SYS_IsGregorianLeepYear
                0x00000000700282e0                SYS_GetGregorianDaysInMonth
                0x000000007002831c                SYS_GetGregorianDayOfYear
                0x0000000070028360                SYS_GetGregorianDayOfWeek
 .text          0x00000000700283a4      0x6a4 /home/abaza/Work/POS/Bitel/NewBitel/BT-ADE-v1.06.07.std/IDE/SDK/Macaroni/BtOS/release/lib/libdebug/libBitelStdApi.a(sys_rtc_m.o)
                0x0000000070028518                SYS_SetRealTimeClock
                0x00000000700287c4                SYS_GetRealTimeClock
                0x0000000070028a20                SYS_GetCtime
 .text          0x0000000070028a48       0x38 /home/abaza/Work/POS/Bitel/NewBitel/BT-ADE-v1.06.07.std/IDE/SDK/Macaroni/BtOS/release/lib/libdebug/libBitelStdApi.a(sys_beep_m.o)
                0x0000000070028a48                SYS_BeepTone
 .text          0x0000000070028a80     0x1cdc /home/abaza/Work/POS/Bitel/NewBitel/BT-ADE-v1.06.07.std/IDE/SDK/Macaroni/BtOS/release/lib/libdebug/librsa.a(r_enhanc.o)
                0x0000000070028a80                R_RSAEuroInfo
                0x0000000070028af0                R_DigestInit
                0x0000000070028bd0                R_DigestUpdate
                0x0000000070028cd4                R_DigestFinal
                0x0000000070028dfc                R_SignInit
                0x0000000070028e48                R_SignUpdate
                0x0000000070028ea0                R_SignFinal
                0x0000000070028fb4                R_VerifyInit
                0x0000000070029000                R_VerifyUpdate
                0x0000000070029058                R_VerifyFinal
                0x000000007002920c                R_SealInit
                0x00000000700293cc                R_SealUpdate
                0x0000000070029568                R_SealFinal
                0x0000000070029604                R_OpenInit
                0x0000000070029768                R_OpenUpdate
                0x0000000070029908                R_OpenFinal
                0x0000000070029a60                R_SignPEMBlock
                0x0000000070029b04                R_SignBlock
                0x0000000070029ba4                R_VerifyPEMSignature
                0x0000000070029c88                R_VerifyBlockSignature
                0x0000000070029d28                R_SealPEMBlock
                0x0000000070029e6c                R_OpenPEMBlock
                0x000000007002a06c                R_DigestBlock
                0x000000007002a108                R_DecryptOpenPEMBlock
                0x000000007002a2e0                R_EncryptOpenPEMBlock
 .text          0x000000007002a75c      0x6bc /home/abaza/Work/POS/Bitel/NewBitel/BT-ADE-v1.06.07.std/IDE/SDK/Macaroni/BtOS/release/lib/libdebug/librsa.a(r_random.o)
                0x000000007002a75c                R_RandomInit
                0x000000007002a7ac                R_RandomUpdate
                0x000000007002a908                R_GetRandomBytesNeeded
                0x000000007002a940                R_GenerateBytes
                0x000000007002aad0                R_RandomFinal
                0x000000007002aaf8                R_RandomCreate
                0x000000007002abc8                R_RandomMix
 .text          0x000000007002ae18     0x1030 /home/abaza/Work/POS/Bitel/NewBitel/BT-ADE-v1.06.07.std/IDE/SDK/Macaroni/BtOS/release/lib/libdebug/librsa.a(rsa.o)
                0x000000007002ae18                RSAPublicEncrypt
                0x000000007002af9c                RSAPublicDecrypt
                0x000000007002b158                RSAPrivateEncrypt
                0x000000007002b28c                RSAPrivateDecrypt
                0x000000007002b438                MAA_ModMult
                0x000000007002b5a4                MAA_ModExp
                0x000000007002b71c                RsaPublicKeyFunction
                0x000000007002b8a4                RsaPrivateKeyFunction
 .text          0x000000007002be48     0x546c /home/abaza/Work/POS/Bitel/NewBitel/BT-ADE-v1.06.07.std/IDE/SDK/Macaroni/BtOS/release/lib/libdebug/librsa.a(sha2.o)
                0x000000007002be48                sha2_starts
                0x000000007002bf9c                sha2_process
                0x0000000070030920                sha2_update
                0x0000000070030a98                sha2_finish
                0x0000000070030f24                sha2
                0x0000000070030f90                sha2_hmac_starts
                0x000000007003111c                sha2_hmac_update
                0x000000007003114c                sha2_hmac_finish
                0x00000000700311fc                sha2_hmac_reset
                0x0000000070031240                sha2_hmac
 .text          0x00000000700312b4     0x4560 /home/abaza/Work/POS/Bitel/NewBitel/BT-ADE-v1.06.07.std/IDE/SDK/Macaroni/BtOS/release/lib/libdebug/librsa.a(shsc.o)
                0x00000000700312b4                SHSInit
                0x0000000070031348                SHSUpdate
                0x0000000070031514                SHSFinal
 .text          0x0000000070035814     0x2834 /home/abaza/Work/POS/Bitel/NewBitel/BT-ADE-v1.06.07.std/IDE/SDK/Macaroni/BtOS/release/lib/libdebug/librsa.a(desc.o)
                0x0000000070035814                DES_CBCInit
                0x0000000070035880                DES_CBCUpdate
                0x0000000070035a28                DES_CBCRestart
                0x0000000070035a64                DESX_CBCInit
                0x0000000070035b08                DESX_CBCUpdate
                0x0000000070035d20                DESX_CBCRestart
                0x0000000070035d5c                DES3_CBCInit
                0x0000000070035e4c                DES3_CBCUpdate
                0x0000000070036024                DES3_CBCRestart
                0x0000000070036060                scrunch
                0x00000000700361a4                unscrunch
                0x00000000700362bc                deskey
                0x00000000700368bc                desfunc
 .text          0x0000000070038048      0x450 /home/abaza/Work/POS/Bitel/NewBitel/BT-ADE-v1.06.07.std/IDE/SDK/Macaroni/BtOS/release/lib/libdebug/librsa.a(md2c.o)
                0x0000000070038048                MD2Init
                0x0000000070038098                MD2Update
                0x00000000700381e4                MD2Final
 .text          0x0000000070038498     0x121c /home/abaza/Work/POS/Bitel/NewBitel/BT-ADE-v1.06.07.std/IDE/SDK/Macaroni/BtOS/release/lib/libdebug/librsa.a(md4c.o)
                0x0000000070038498                MD4Init
                0x0000000070038510                MD4Update
                0x0000000070038690                MD4Final
 .text          0x00000000700396b4     0x1b54 /home/abaza/Work/POS/Bitel/NewBitel/BT-ADE-v1.06.07.std/IDE/SDK/Macaroni/BtOS/release/lib/libdebug/librsa.a(md5c.o)
                0x00000000700396b4                MD5Init
                0x000000007003972c                MD5Update
                0x00000000700398ac                MD5Final
 .text          0x000000007003b208     0x1b6c /home/abaza/Work/POS/Bitel/NewBitel/BT-ADE-v1.06.07.std/IDE/SDK/Macaroni/BtOS/release/lib/libdebug/librsa.a(NN.o)
                0x000000007003b208                NN_Decode
                0x000000007003b32c                NN_Encode
                0x000000007003b438                NN_AssignZero
                0x000000007003b490                NN_Assign2Exp
                0x000000007003b4fc                NN_Sub
                0x000000007003b604                NN_Mult
                0x000000007003b834                NN_LShift
                0x000000007003b904                NN_RShift
                0x000000007003b9dc                NN_Div
                0x000000007003c014                NN_Mod
                0x000000007003c060                NN_ModMult
                0x000000007003c0c4                NN_ModExp
                0x000000007003c350                NN_ModInv
                0x000000007003c584                NN_Gcd
                0x000000007003c70c                NN_Bits
                0x000000007003c784                NN_Cmp
                0x000000007003c844                NN_Zero
                0x000000007003c8b0                NN_Assign
                0x000000007003c918                NN_Digits
                0x000000007003c998                NN_Add
 .text          0x000000007003cd74      0x57c /home/abaza/Work/POS/Bitel/NewBitel/BT-ADE-v1.06.07.std/IDE/SDK/Macaroni/BtOS/release/lib/libdebug/librsa.a(r_encode.o)
                0x000000007003cd74                R_EncodePEMBlock
                0x000000007003ce64                R_DecodePEMBlock
 .text          0x000000007003d2f0      0x2fc /home/abaza/Work/POS/Bitel/NewBitel/BT-ADE-v1.06.07.std/IDE/SDK/Macaroni/BtOS/release/lib/libdebug/libmiscajc-bitel.a(btcalendar.o)
                0x000000007003d2f0                IsGregorianLeapYear
                0x000000007003d3a0                GregorianDaysInMonth
                0x000000007003d408                GregorianDayOfYear
                0x000000007003d48c                GregorianDayOfWeek
 .text          0x000000007003d5ec       0xe0 /home/abaza/Work/POS/Bitel/NewBitel/BT-ADE-v1.06.07.std/IDE/SDK/Macaroni/BtOS/release/lib/libdebug/libmiscajc-bitel.a(RprintHex.o)
                0x000000007003d5ec                rprintHex
 .text          0x000000007003d6cc       0xec /home/abaza/Work/POS/Bitel/NewBitel/BT-ADE-v1.06.07.std/IDE/SDK/Macaroni/BtOS/release/lib/libdebug/libmiscajc-bitel.a(Rprintf.o)
                0x000000007003d6cc                set_rprintf_console_port
                0x000000007003d76c                rprintf
 .text          0x000000007003d7b8     0x1518 /home/abaza/Work/POS/Bitel/NewBitel/BT-ADE-v1.06.07.std/IDE/SDK/Macaroni/BtOS/release/lib/libdebug/libmiscajc-bitel.a(FRMWRI.o)
                0x000000007003df8c                _formatted_write
 .text          0x000000007003ecd0     0x1f24 /home/abaza/Work/POS/Bitel/NewBitel/BT-ADE-v1.06.07.std/IDE/SDK/Macaroni/BtOS/release/lib/libdebug/libmiscajc-bitel.a(etc_lib.o)
                0x000000007003ecd0                touch_irq
                0x000000007003f030                touch_init
                0x000000007003f19c                TOUCH_EVENT_A
                0x000000007003f1c4                touch_enable
                0x000000007003f220                TDC_ISR
                0x000000007003f348                SetFBaddr
                0x000000007003f374                GetFBstatus
                0x000000007003f3a8                GetFBaddr
                0x000000007003f3d0                display_init
                0x000000007003f8a0                core1_i2c_irq_handler
                0x000000007003f950                i2c_init
                0x000000007003fa18                i2c_txdata
                0x000000007003fa5c                i2c_rxdata
                0x000000007003faa0                deltaMS
                0x000000007003fb60                Wait1MS
                0x000000007003fbc0                ndelay
                0x000000007003fc4c                udelay
                0x000000007003fcd8                _kill
                0x000000007003fd00                _getpid
                0x000000007003fd1c                GetTimeVal
                0x000000007003fdfc                BT_KEYSCAN
                0x000000007003fe14                CS0_static_mem_init
                0x000000007003fe48                arm_enable_irq
                0x000000007003fe6c                arm_disable_irq
                0x000000007003fe90                enable_interrupts
                0x000000007003feb8                disable_interrupts
                0x000000007003ff00                InitSystem
                0x000000007004007c                MSICMenuScreenMsg
                0x00000000700400a0                spi_init
                0x00000000700401e0                spi_close
                0x0000000070040208                rc663_init
                0x0000000070040300                clrc663_read
                0x000000007004035c                clrc663_write
                0x0000000070040398                clrc663_open
                0x00000000700403b4                clrc663_release
                0x00000000700403d0                ResetDialupModem
                0x0000000070040604                TurnOnGprsModem
                0x0000000070040b0c                SelectSimCard
                0x0000000070040bc8                TurnOnBluetooth
 .text          0x0000000070040bf4      0xd14 /home/abaza/Work/POS/Bitel/NewBitel/BT-ADE-v1.06.07.std/IDE/SDK/Macaroni/BtOS/release/lib/libdebug/libmiscajc-bitel.a(COMLIB.o)
                0x0000000070040bf4                Com0_Init
                0x0000000070040c98                Com1_Init
                0x0000000070040d3c                Com2_Init
                0x0000000070040de0                WrCom
                0x0000000070040fe0                WriteCom
                0x00000000700411d8                RdCom
                0x00000000700412f4                ReadCom
                0x00000000700415b4                WaitComTxDone
                0x00000000700415f8                ComportOpen
                0x00000000700416b8                ClearRS232Pointer
                0x0000000070041708                ClearRS232Buffer
                0x00000000700417c4                OpenRS232Port
                0x000000007004185c                CheckRxInput
 .text          0x0000000070041908      0xb88 /home/abaza/Work/POS/Bitel/NewBitel/BT-ADE-v1.06.07.std/IDE/SDK/Macaroni/BtOS/release/lib/libdebug/libmiscajc-bitel.a(BTHW_INFO.o)
                0x000000007004214c                get_bthw_info
                0x00000000700421d4                set_volatile_bthw_info
                0x0000000070042220                parsing_bthw_info
                0x0000000070042250                get_bios_version
                0x00000000700422f8                GetStringFromHWInfo
 .text          0x0000000070042490     0x1150 /home/abaza/Work/POS/Bitel/NewBitel/BT-ADE-v1.06.07.std/IDE/SDK/Macaroni/BtOS/release/lib/libdebug/libmiscajc-bitel.a(printf_lite.o)
                0x0000000070042490                lite_printf
                0x00000000700424e0                write_char
                0x000000007004253c                write_string
                0x0000000070042590                write_dec
                0x00000000700425f0                write_hex
                0x0000000070042624                write_long
                0x000000007004283c                write_num
                0x0000000070042890                check_string
                0x0000000070042990                cvt
                0x0000000070042aa8                private_printf
 .text          0x00000000700435e0      0x5a8 /home/abaza/Work/POS/Bitel/NewBitel/BT-ADE-v1.06.07.std/IDE/SDK/Macaroni/BtOS/release/lib/libdebug/libmiscajc-bitel.a(gpio.o)
                0x00000000700436bc                maximasp_gpio_mode
                0x0000000070043a1c                maximasp_gpio_direction_input
                0x0000000070043a4c                maximasp_gpio_get_value
                0x0000000070043ab8                maximasp_gpio_set_value
                0x0000000070043b34                maximasp_gpio_direction_output
 .text          0x0000000070043b88      0x28c /home/abaza/Work/POS/Bitel/NewBitel/BT-ADE-v1.06.07.std/IDE/SDK/Macaroni/SoC/release/lib/libdebug/libdrvsoc.a(init_c.o)
                0x0000000070043bfc                write_dcc_char
                0x0000000070043c34                read_dcc_char
                0x0000000070043c64                write_dcc_string
                0x0000000070043cb4                _exit
                0x0000000070043cc8                __exit
                0x0000000070043cd4                handler_install
                0x0000000070043d58                handler_undefined_
                0x0000000070043d78                handler_swi_
                0x0000000070043d98                handler_abort_
                0x0000000070043dc0                handler_prefetch_
                0x0000000070043de4                handler_irq_
                0x0000000070043dfc                handler_fiq_
 .text          0x0000000070043e14        0x0 /home/abaza/Work/POS/Bitel/NewBitel/BT-ADE-v1.06.07.std/IDE/SDK/Macaroni/SoC/release/lib/libdebug/libdrvsoc.a(start_c.o)
 .text          0x0000000070043e14     0x1090 /home/abaza/Work/POS/Bitel/NewBitel/BT-ADE-v1.06.07.std/IDE/SDK/Macaroni/SoC/release/lib/libdebug/libdrvsoc.a(core1_gpio.o)
                0x0000000070043e14                core1_gpio_init
                0x0000000070043f8c                core1_gpio_close
                0x000000007004402c                core1_gpio_set_config
                0x0000000070044178                core1_gpio_pad_configure
                0x0000000070044344                core1_gpio_configure_function
                0x00000000700444d8                core1_gpio_enable_output
                0x0000000070044588                core1_gpio_disable_output
                0x000000007004463c                core1_gpio_config_open_drain
                0x000000007004477c                core1_gpio_write_dataout
                0x00000000700447c0                core1_gpio_read_dataout
                0x0000000070044808                core1_gpio_read_datain
                0x0000000070044850                core1_gpio_write_buffer
                0x00000000700448f0                core1_gpio_read_buffer
                0x000000007004498c                core1_gpio_write_bit_pattern
                0x0000000070044a5c                core1_gpio_read_bit_pattern
                0x0000000070044b20                core1_gpio_pin_output
                0x0000000070044c10                core1_gpio_pin_input
                0x0000000070044cb8                core1_gpio_check
                0x0000000070044d48                core1_gpio_clear_out_int_wake
                0x0000000070044e08                core1_gpio_set_padsmode
 .text          0x0000000070044ea4      0xd34 /home/abaza/Work/POS/Bitel/NewBitel/BT-ADE-v1.06.07.std/IDE/SDK/Macaroni/SoC/release/lib/libdebug/libdrvsoc.a(core1_i2c.o)
                0x0000000070044ea4                core1_i2c_init
                0x0000000070044f74                core1_i2c_set_configuration
                0x000000007004513c                core1_i2c_write_start
                0x0000000070045374                core1_i2c_write
                0x00000000700454ac                core1_i2c_read_start
                0x0000000070045638                core1_i2c_read
                0x0000000070045784                core1_i2c_ioctl
                0x00000000700458e8                core1_i2c_stop
                0x000000007004595c                core1_i2c_close
                0x0000000070045a44                core1_i2c_enable_interrupt_events
                0x0000000070045ac0                core1_i2c_disable_interrupt_events
                0x0000000070045b0c                core1_i2c_clear_interrupt_status
                0x0000000070045b58                core1_i2c_interrupt_status
                0x0000000070045b98                core1_i2c_bus_status
 .text          0x0000000070045bd8      0x34c /home/abaza/Work/POS/Bitel/NewBitel/BT-ADE-v1.06.07.std/IDE/SDK/Macaroni/SoC/release/lib/libdebug/libdrvsoc.a(core1_intc.o)
                0x0000000070045bd8                core1_intc_attach_irq
                0x0000000070045c30                core1_intc_dettach_irq
                0x0000000070045c6c                core1_intc_attach_fiq
                0x0000000070045cbc                core1_intc_dettach_fiq
                0x0000000070045cf8                core1_intc_enable_irq
                0x0000000070045d60                core1_intc_disable_irq
                0x0000000070045dc8                core1_intc_ack_irq
                0x0000000070045df4                core1_intc_ack_fiq
                0x0000000070045e24                core1_intc_setup_irq
                0x0000000070045eac                core1_intc_setup_fiq
 .text          0x0000000070045f24     0x15a8 /home/abaza/Work/POS/Bitel/NewBitel/BT-ADE-v1.06.07.std/IDE/SDK/Macaroni/SoC/release/lib/libdebug/libdrvsoc.a(core1_spi.o)
                0x0000000070045f24                core1_spi_init
                0x000000007004618c                core1_spi_set_config
                0x000000007004676c                core1_spi_transmit
                0x0000000070046f78                core1_spi_get_status
                0x0000000070047094                core1_spi_ioctl
                0x0000000070047340                core1_spi_shutdown
 .text          0x00000000700474cc      0x4b8 /home/abaza/Work/POS/Bitel/NewBitel/BT-ADE-v1.06.07.std/IDE/SDK/Macaroni/SoC/release/lib/libdebug/libdrvsoc.a(core1_gcr.o)
                0x00000000700474cc                core1_gcr_reset
                0x00000000700474fc                core1_gcr_dev_reset
                0x0000000070047554                core1_gcr_set_sysfreq
                0x0000000070047590                core1_gcr_get_sysfreq
                0x00000000700475d0                core1_set_system_frequency
                0x00000000700477e0                core1_get_system_frequency
                0x0000000070047888                core1_get_ahb_frequency
                0x0000000070047904                core1_get_apb_frequency
 .text          0x0000000070047984       0x20 /opt/gcc-arm-none-eabi/bin/../lib/gcc/arm-none-eabi/6.3.1/../../../../arm-none-eabi/lib/libc.a(lib_a-asctime.o)
                0x0000000070047984                asctime
 .text          0x00000000700479a4       0x74 /opt/gcc-arm-none-eabi/bin/../lib/gcc/arm-none-eabi/6.3.1/../../../../arm-none-eabi/lib/libc.a(lib_a-asctime_r.o)
                0x00000000700479a4                asctime_r
 .text          0x0000000070047a18       0x10 /opt/gcc-arm-none-eabi/bin/../lib/gcc/arm-none-eabi/6.3.1/../../../../arm-none-eabi/lib/libc.a(lib_a-errno.o)
                0x0000000070047a18                __errno
 .text          0x0000000070047a28        0x0 /opt/gcc-arm-none-eabi/bin/../lib/gcc/arm-none-eabi/6.3.1/../../../../arm-none-eabi/lib/libc.a(lib_a-impure.o)
 .text          0x0000000070047a28       0xb4 /opt/gcc-arm-none-eabi/bin/../lib/gcc/arm-none-eabi/6.3.1/../../../../arm-none-eabi/lib/libc.a(lib_a-memcmp.o)
                0x0000000070047a28                memcmp
 .text          0x0000000070047adc      0x20c /opt/gcc-arm-none-eabi/bin/../lib/gcc/arm-none-eabi/6.3.1/../../../../arm-none-eabi/lib/libc.a(lib_a-memcpy.o)
                0x0000000070047adc                memcpy
 .text          0x0000000070047ce8      0x134 /opt/gcc-arm-none-eabi/bin/../lib/gcc/arm-none-eabi/6.3.1/../../../../arm-none-eabi/lib/libc.a(lib_a-memmove.o)
                0x0000000070047ce8                memmove
 .text          0x0000000070047e1c      0x134 /opt/gcc-arm-none-eabi/bin/../lib/gcc/arm-none-eabi/6.3.1/../../../../arm-none-eabi/lib/libc.a(lib_a-memset.o)
                0x0000000070047e1c                memset
 .text          0x0000000070047f50       0x78 /opt/gcc-arm-none-eabi/bin/../lib/gcc/arm-none-eabi/6.3.1/../../../../arm-none-eabi/lib/libc.a(lib_a-rand.o)
                0x0000000070047f50                srand
                0x0000000070047f6c                rand
 .text          0x0000000070047fc8      0x130 /opt/gcc-arm-none-eabi/bin/../lib/gcc/arm-none-eabi/6.3.1/../../../../arm-none-eabi/lib/libc.a(lib_a-snprintf.o)
                0x0000000070047fc8                _snprintf_r
                0x000000007004805c                snprintf
 .text          0x00000000700480f8       0xdc /opt/gcc-arm-none-eabi/bin/../lib/gcc/arm-none-eabi/6.3.1/../../../../arm-none-eabi/lib/libc.a(lib_a-sprintf.o)
                0x00000000700480f8                _sprintf_r
                0x0000000070048160                sprintf
 .text          0x00000000700481d4       0xf0 /opt/gcc-arm-none-eabi/bin/../lib/gcc/arm-none-eabi/6.3.1/../../../../arm-none-eabi/lib/libc.a(lib_a-strcpy.o)
                0x00000000700481d4                strcpy
 .text          0x00000000700482c4       0x60 /opt/gcc-arm-none-eabi/bin/../lib/gcc/arm-none-eabi/6.3.1/../../../../arm-none-eabi/lib/libc.a(lib_a-strlen.o)
                0x00000000700482c4                strlen
 .text          0x0000000070048324      0x140 /opt/gcc-arm-none-eabi/bin/../lib/gcc/arm-none-eabi/6.3.1/../../../../arm-none-eabi/lib/libc.a(lib_a-strncmp.o)
                0x0000000070048324                strncmp
 .text          0x0000000070048464     0x1f7c /opt/gcc-arm-none-eabi/bin/../lib/gcc/arm-none-eabi/6.3.1/../../../../arm-none-eabi/lib/libc.a(lib_a-svfprintf.o)
                0x0000000070048464                _svfprintf_r
 .text          0x000000007004a3e0     0x18a8 /opt/gcc-arm-none-eabi/bin/../lib/gcc/arm-none-eabi/6.3.1/../../../../arm-none-eabi/lib/libc.a(lib_a-dtoa.o)
                0x000000007004a5c0                _dtoa_r
 .text          0x000000007004bc88       0xd0 /opt/gcc-arm-none-eabi/bin/../lib/gcc/arm-none-eabi/6.3.1/../../../../arm-none-eabi/lib/libc.a(lib_a-locale.o)
                0x000000007004bc88                _setlocale_r
                0x000000007004bcf4                __locale_charset
                0x000000007004bd00                __locale_mb_cur_max
                0x000000007004bd10                __locale_msgcharset
                0x000000007004bd1c                __locale_cjk_lang
                0x000000007004bd24                _localeconv_r
                0x000000007004bd30                setlocale
                0x000000007004bd4c                localeconv
 .text          0x000000007004bd58      0x71c /opt/gcc-arm-none-eabi/bin/../lib/gcc/arm-none-eabi/6.3.1/../../../../arm-none-eabi/lib/libc.a(lib_a-mallocr.o)
                0x000000007004bd58                _malloc_r
 .text          0x000000007004c474      0x11c /opt/gcc-arm-none-eabi/bin/../lib/gcc/arm-none-eabi/6.3.1/../../../../arm-none-eabi/lib/libc.a(lib_a-memchr.o)
                0x000000007004c474                memchr
 .text          0x000000007004c590        0x8 /opt/gcc-arm-none-eabi/bin/../lib/gcc/arm-none-eabi/6.3.1/../../../../arm-none-eabi/lib/libc.a(lib_a-mlock.o)
                0x000000007004c590                __malloc_lock
                0x000000007004c594                __malloc_unlock
 .text          0x000000007004c598      0xd20 /opt/gcc-arm-none-eabi/bin/../lib/gcc/arm-none-eabi/6.3.1/../../../../arm-none-eabi/lib/libc.a(lib_a-mprec.o)
                0x000000007004c598                _Balloc
                0x000000007004c624                _Bfree
                0x000000007004c640                __multadd
                0x000000007004c71c                __s2b
                0x000000007004c80c                __hi0bits
                0x000000007004c85c                __lo0bits
                0x000000007004c8f0                __i2b
                0x000000007004c914                __multiply
                0x000000007004caf8                __pow5mult
                0x000000007004cbec                __lshift
                0x000000007004ccf0                __mcmp
                0x000000007004cd54                __mdiff
                0x000000007004cea0                __ulp
                0x000000007004cf04                __b2d
                0x000000007004cfd0                __d2b
                0x000000007004d0d8                __ratio
                0x000000007004d168                _mprec_log10
                0x000000007004d1bc                __copybits
                0x000000007004d230                __any_on
 .text          0x000000007004d2b8       0x6c /opt/gcc-arm-none-eabi/bin/../lib/gcc/arm-none-eabi/6.3.1/../../../../arm-none-eabi/lib/libc.a(lib_a-s_fpclassify.o)
                0x000000007004d2b8                __fpclassifyd
 .text          0x000000007004d324       0x40 /opt/gcc-arm-none-eabi/bin/../lib/gcc/arm-none-eabi/6.3.1/../../../../arm-none-eabi/lib/libc.a(lib_a-sbrkr.o)
                0x000000007004d324                _sbrk_r
 .text          0x000000007004d364      0x230 /opt/gcc-arm-none-eabi/bin/../lib/gcc/arm-none-eabi/6.3.1/../../../../arm-none-eabi/lib/libc.a(lib_a-strcmp.o)
                0x000000007004d364                strcmp
 .text          0x000000007004d594     0x1224 /opt/gcc-arm-none-eabi/bin/../lib/gcc/arm-none-eabi/6.3.1/../../../../arm-none-eabi/lib/libc.a(lib_a-svfiprintf.o)
                0x000000007004d594                __ssprint_r
                0x000000007004d738                _svfiprintf_r
 .text          0x000000007004e7b8       0x94 /opt/gcc-arm-none-eabi/bin/../lib/gcc/arm-none-eabi/6.3.1/../../../../arm-none-eabi/lib/libc.a(lib_a-callocr.o)
                0x000000007004e7b8                _calloc_r
 .text          0x000000007004e84c      0x368 /opt/gcc-arm-none-eabi/bin/../lib/gcc/arm-none-eabi/6.3.1/../../../../arm-none-eabi/lib/libc.a(lib_a-freer.o)
                0x000000007004e84c                _malloc_trim_r
                0x000000007004e948                _free_r
 .text          0x000000007004ebb4      0x574 /opt/gcc-arm-none-eabi/bin/../lib/gcc/arm-none-eabi/6.3.1/../../../../arm-none-eabi/lib/libc.a(lib_a-reallocr.o)
                0x000000007004ebb4                _realloc_r
 .text          0x000000007004f128      0x19c /opt/gcc-arm-none-eabi/bin/../lib/gcc/arm-none-eabi/6.3.1/../../../../arm-none-eabi/lib/libc.a(lib_a-reent.o)
                0x000000007004f128                cleanup_glue
                0x000000007004f154                _reclaim_reent
                0x000000007004f250                _wrapup_reent
 .text          0x000000007004f2c4      0x114 /opt/gcc-arm-none-eabi/bin/../lib/gcc/arm-none-eabi/6.3.1/libgcc.a(_udivsi3.o)
                0x000000007004f2c4                __udivsi3
                0x000000007004f2c4                __aeabi_uidiv
                0x000000007004f3b8                __aeabi_uidivmod
 .text          0x000000007004f3d8      0x148 /opt/gcc-arm-none-eabi/bin/../lib/gcc/arm-none-eabi/6.3.1/libgcc.a(_divsi3.o)
                0x000000007004f3d8                __aeabi_idiv
                0x000000007004f3d8                __divsi3
                0x000000007004f500                __aeabi_idivmod
 .text          0x000000007004f520        0x4 /opt/gcc-arm-none-eabi/bin/../lib/gcc/arm-none-eabi/6.3.1/libgcc.a(_dvmd_tls.o)
                0x000000007004f520                __aeabi_ldiv0
                0x000000007004f520                __aeabi_idiv0
 .text          0x000000007004f524      0x41c /opt/gcc-arm-none-eabi/bin/../lib/gcc/arm-none-eabi/6.3.1/libgcc.a(_arm_addsubdf3.o)
                0x000000007004f524                __aeabi_drsub
                0x000000007004f52c                __aeabi_dsub
                0x000000007004f52c                __subdf3
                0x000000007004f530                __adddf3
                0x000000007004f530                __aeabi_dadd
                0x000000007004f840                __aeabi_ui2d
                0x000000007004f840                __floatunsidf
                0x000000007004f864                __floatsidf
                0x000000007004f864                __aeabi_i2d
                0x000000007004f88c                __extendsfdf2
                0x000000007004f88c                __aeabi_f2d
                0x000000007004f8cc                __aeabi_ul2d
                0x000000007004f8cc                __floatundidf
                0x000000007004f8e0                __floatdidf
                0x000000007004f8e0                __aeabi_l2d
 .text          0x000000007004f940      0x49c /opt/gcc-arm-none-eabi/bin/../lib/gcc/arm-none-eabi/6.3.1/libgcc.a(_arm_muldivdf3.o)
                0x000000007004f940                __aeabi_dmul
                0x000000007004f940                __muldf3
                0x000000007004fbd0                __aeabi_ddiv
                0x000000007004fbd0                __divdf3
 .text          0x000000007004fddc      0x144 /opt/gcc-arm-none-eabi/bin/../lib/gcc/arm-none-eabi/6.3.1/libgcc.a(_arm_cmpdf2.o)
                0x000000007004fddc                __gtdf2
                0x000000007004fddc                __gedf2
                0x000000007004fde4                __ltdf2
                0x000000007004fde4                __ledf2
                0x000000007004fdec                __cmpdf2
                0x000000007004fdec                __eqdf2
                0x000000007004fdec                __nedf2
                0x000000007004fe74                __aeabi_cdrcmple
                0x000000007004fe90                __aeabi_cdcmple
                0x000000007004fe90                __aeabi_cdcmpeq
                0x000000007004fea8                __aeabi_dcmpeq
                0x000000007004fec0                __aeabi_dcmplt
                0x000000007004fed8                __aeabi_dcmple
                0x000000007004fef0                __aeabi_dcmpge
                0x000000007004ff08                __aeabi_dcmpgt
 .text          0x000000007004ff20       0x5c /opt/gcc-arm-none-eabi/bin/../lib/gcc/arm-none-eabi/6.3.1/libgcc.a(_arm_fixdfsi.o)
                0x000000007004ff20                __fixdfsi
                0x000000007004ff20                __aeabi_d2iz
 .text          0x000000007004ff7c       0x54 /opt/gcc-arm-none-eabi/bin/../lib/gcc/arm-none-eabi/6.3.1/libgcc.a(_arm_fixunsdfsi.o)
                0x000000007004ff7c                __fixunsdfsi
                0x000000007004ff7c                __aeabi_d2uiz
 .text          0x000000007004ffd0       0x3c /opt/gcc-arm-none-eabi/bin/../lib/gcc/arm-none-eabi/6.3.1/libgcc.a(_aeabi_uldivmod.o)
                0x000000007004ffd0                __aeabi_uldivmod
 .text          0x000000007005000c      0x12c /opt/gcc-arm-none-eabi/bin/../lib/gcc/arm-none-eabi/6.3.1/libgcc.a(_udivmoddi4.o)
                0x000000007005000c                __udivmoddi4
 .text          0x0000000070050138       0x28 /opt/gcc-arm-none-eabi/bin/../lib/gcc/arm-none-eabi/6.3.1/libgcc.a(_clzdi2.o)
                0x0000000070050138                __clzdi2
 .text          0x0000000070050160       0x48 /opt/gcc-arm-none-eabi/bin/../lib/gcc/arm-none-eabi/6.3.1/libgcc.a(_clzsi2.o)
                0x0000000070050160                __clzsi2
 .text.__stub   0x00000000700501a8        0x8 linker stubs
 *(.plt)
 *(.gnu.warning)
 *(.glue_7t)
 .glue_7t       0x00000000700501b0        0x0 linker stubs
 *(.glue_7)
 .glue_7        0x00000000700501b0        0x0 linker stubs
 *(.vfp11_veneer)
 .vfp11_veneer  0x00000000700501b0        0x0 linker stubs
 *(.ARM.extab* .gnu.linkonce.armextab.*)
 .ARM.extab     0x00000000700501b0        0x0 /opt/gcc-arm-none-eabi/bin/../lib/gcc/arm-none-eabi/6.3.1/libgcc.a(_udivmoddi4.o)
 *(.gcc_except_table)
                0x00000000700501c0                . = ALIGN (0x20)
 *fill*         0x00000000700501b0       0x10 
                0x00000000700501c0                __section_end_text = .
                0x000000000004f480                __section_size_text = (__section_end_text - __section_start_text)
                0x0000000000013d20                __section_wsize_text = (__section_size_text / 0x4)
                0x0000000070000d40                __section_load_text = LOADADDR (.text)

.v4_bx          0x00000000700501c0        0x0
 .v4_bx         0x00000000700501c0        0x0 linker stubs

.iplt           0x00000000700501c0        0x0
 .iplt          0x00000000700501c0        0x0 ./build/core1-sdram-debug/objs/printer_pageutils.o

.lib.prog       0x00000000700501c0     0x9cb8
 .lib.prog      0x00000000700501c0     0x9cb8 /home/abaza/Work/POS/Bitel/NewBitel/BT-ADE-v1.06.07.std/IDE/SDK/Macaroni/BtOS/release/objs-btos/wrkutil.o

.itcm           0x0000000000600000        0x0 load address 0x0000000070059e80
                0x0000000000600000                __region_start_itcm = .
                0x0000000000600000                __section_start_itcm = .
 *(.itcm)
                0x0000000000600000                . = ALIGN (0x20)
                0x0000000000600000                __section_end_itcm = .
                0x0000000000000000                __section_size_itcm = (__section_end_itcm - __section_start_itcm)
                0x0000000000000000                __section_wsize_itcm = (__section_size_itcm / 0x4)
                0x0000000070059e80                __section_load_itcm = LOADADDR (.itcm)

.eh_frame_hdr
 *(.eh_frame_hdr)

.eh_frame
 *(.eh_frame)
                [!provide]                        PROVIDE (__exidx_start, .)

.ARM.exidx      0x0000000070059e78        0x8
 *(.ARM.exidx* .gnu.linkonce.armexidx.*)
 .ARM.exidx     0x0000000070059e78        0x8 /opt/gcc-arm-none-eabi/bin/../lib/gcc/arm-none-eabi/6.3.1/libgcc.a(_udivmoddi4.o)
                [!provide]                        PROVIDE (__exidx_end, .)

.rodata         0x0000000070059e80     0xc700
 *(.rodata .rodata.* .gnu.linkonce.r.*)
 .rodata        0x0000000070059e80       0x4b ./build/core1-sdram-debug/objs/printer_pageutils.o
 *fill*         0x0000000070059ecb        0x1 
 .rodata        0x0000000070059ecc      0x204 ./build/core1-sdram-debug/objs/printer_logo_default.o
                0x0000000070059ecc                BITEL_PRINT_LOGO_128x32
 .rodata        0x000000007005a0d0        0xc ./build/core1-sdram-debug/objs/RefTable.o
                0x000000007005a0d0                AppStrName
 .rodata        0x000000007005a0dc     0x339c ./build/core1-sdram-debug/objs/printer_pagebuilder.o
                0x000000007005a0dc                PrtArabic
 .rodata        0x000000007005d478     0x32e9 ./build/core1-sdram-debug/objs/main.o
 *fill*         0x0000000070060761        0x3 
 .rodata        0x0000000070060764     0x3800 /home/abaza/Work/POS/Bitel/NewBitel/BT-ADE-v1.06.07.std/IDE/SDK/Macaroni/BtOS/release/objs-btos/fntdata.o
                0x0000000070060764                ENGFDAT
                0x0000000070060f64                PRTFENG
 .rodata        0x0000000070063f64      0x258 /home/abaza/Work/POS/Bitel/NewBitel/BT-ADE-v1.06.07.std/IDE/SDK/Macaroni/BtOS/release/objs-btos/wrkutil.o
 .rodata        0x00000000700641bc      0x1a0 /home/abaza/Work/POS/Bitel/NewBitel/BT-ADE-v1.06.07.std/IDE/SDK/Macaroni/BtOS/release/objs-btos/CryptoLib.o
 .rodata        0x000000007006435c      0x690 /home/abaza/Work/POS/Bitel/NewBitel/BT-ADE-v1.06.07.std/IDE/SDK/Macaroni/BtOS/release/objs-btos/ppdrv.o
                0x000000007006435c                PinCmd
 .rodata        0x00000000700649ec        0x4 /home/abaza/Work/POS/Bitel/NewBitel/BT-ADE-v1.06.07.std/IDE/SDK/Macaroni/BtOS/release/lib/libdebug/libBitelStdApi.a(api-basicSYS.o)
 .rodata        0x00000000700649f0       0x10 /home/abaza/Work/POS/Bitel/NewBitel/BT-ADE-v1.06.07.std/IDE/SDK/Macaroni/BtOS/release/lib/libdebug/libBitelStdApi.a(sys_rtc_m.o)
 .rodata        0x0000000070064a00       0x64 /home/abaza/Work/POS/Bitel/NewBitel/BT-ADE-v1.06.07.std/IDE/SDK/Macaroni/BtOS/release/lib/libdebug/librsa.a(r_enhanc.o)
                0x0000000070064a14                PADDING
 .rodata        0x0000000070064a64       0x20 /home/abaza/Work/POS/Bitel/NewBitel/BT-ADE-v1.06.07.std/IDE/SDK/Macaroni/BtOS/release/lib/libdebug/librsa.a(r_random.o)
 .rodata        0x0000000070064a84       0x40 /home/abaza/Work/POS/Bitel/NewBitel/BT-ADE-v1.06.07.std/IDE/SDK/Macaroni/BtOS/release/lib/libdebug/librsa.a(sha2.o)
 .rodata        0x0000000070064ac4        0x4 /home/abaza/Work/POS/Bitel/NewBitel/BT-ADE-v1.06.07.std/IDE/SDK/Macaroni/BtOS/release/lib/libdebug/librsa.a(shsc.o)
 .rodata        0x0000000070064ac8      0x8e0 /home/abaza/Work/POS/Bitel/NewBitel/BT-ADE-v1.06.07.std/IDE/SDK/Macaroni/BtOS/release/lib/libdebug/librsa.a(desc.o)
                0x0000000070064ba8                Spbox
 .rodata        0x00000000700653a8      0x100 /home/abaza/Work/POS/Bitel/NewBitel/BT-ADE-v1.06.07.std/IDE/SDK/Macaroni/BtOS/release/lib/libdebug/librsa.a(md2c.o)
 .rodata        0x00000000700654a8       0xc4 /home/abaza/Work/POS/Bitel/NewBitel/BT-ADE-v1.06.07.std/IDE/SDK/Macaroni/BtOS/release/lib/libdebug/librsa.a(r_encode.o)
 .rodata        0x000000007006556c       0x28 /home/abaza/Work/POS/Bitel/NewBitel/BT-ADE-v1.06.07.std/IDE/SDK/Macaroni/BtOS/release/lib/libdebug/libmiscajc-bitel.a(RprintHex.o)
 .rodata        0x0000000070065594        0x4 /home/abaza/Work/POS/Bitel/NewBitel/BT-ADE-v1.06.07.std/IDE/SDK/Macaroni/BtOS/release/lib/libdebug/libmiscajc-bitel.a(Rprintf.o)
 .rodata        0x0000000070065598       0x3c /home/abaza/Work/POS/Bitel/NewBitel/BT-ADE-v1.06.07.std/IDE/SDK/Macaroni/BtOS/release/lib/libdebug/libmiscajc-bitel.a(FRMWRI.o)
 .rodata        0x00000000700655d4      0x210 /home/abaza/Work/POS/Bitel/NewBitel/BT-ADE-v1.06.07.std/IDE/SDK/Macaroni/BtOS/release/lib/libdebug/libmiscajc-bitel.a(etc_lib.o)
 .rodata        0x00000000700657e4      0xa44 /home/abaza/Work/POS/Bitel/NewBitel/BT-ADE-v1.06.07.std/IDE/SDK/Macaroni/BtOS/release/lib/libdebug/libmiscajc-bitel.a(BTHW_INFO.o)
 .rodata        0x0000000070066228       0x78 /home/abaza/Work/POS/Bitel/NewBitel/BT-ADE-v1.06.07.std/IDE/SDK/Macaroni/BtOS/release/lib/libdebug/libmiscajc-bitel.a(printf_lite.o)
 .rodata        0x00000000700662a0       0xb0 /home/abaza/Work/POS/Bitel/NewBitel/BT-ADE-v1.06.07.std/IDE/SDK/Macaroni/SoC/release/lib/libdebug/libdrvsoc.a(start_c.o)
 .rodata        0x0000000070066350       0x3c /opt/gcc-arm-none-eabi/bin/../lib/gcc/arm-none-eabi/6.3.1/../../../../arm-none-eabi/lib/libc.a(lib_a-asctime_r.o)
 .rodata.str1.4
                0x000000007006638c       0x20 /opt/gcc-arm-none-eabi/bin/../lib/gcc/arm-none-eabi/6.3.1/../../../../arm-none-eabi/lib/libc.a(lib_a-asctime_r.o)
 .rodata        0x00000000700663ac        0x4 /opt/gcc-arm-none-eabi/bin/../lib/gcc/arm-none-eabi/6.3.1/../../../../arm-none-eabi/lib/libc.a(lib_a-impure.o)
                0x00000000700663ac                _global_impure_ptr
 .rodata.str1.4
                0x00000000700663b0        0x2 /opt/gcc-arm-none-eabi/bin/../lib/gcc/arm-none-eabi/6.3.1/../../../../arm-none-eabi/lib/libc.a(lib_a-impure.o)
                                          0x4 (size before relaxing)
 *fill*         0x00000000700663b2        0x2 
 .rodata        0x00000000700663b4       0x20 /opt/gcc-arm-none-eabi/bin/../lib/gcc/arm-none-eabi/6.3.1/../../../../arm-none-eabi/lib/libc.a(lib_a-svfprintf.o)
 .rodata.str1.4
                0x00000000700663d4       0x42 /opt/gcc-arm-none-eabi/bin/../lib/gcc/arm-none-eabi/6.3.1/../../../../arm-none-eabi/lib/libc.a(lib_a-svfprintf.o)
                                         0x44 (size before relaxing)
 *fill*         0x0000000070066416        0x2 
 .rodata.str1.4
                0x0000000070066418       0x10 /opt/gcc-arm-none-eabi/bin/../lib/gcc/arm-none-eabi/6.3.1/../../../../arm-none-eabi/lib/libc.a(lib_a-dtoa.o)
                                         0x14 (size before relaxing)
 .rodata.str1.4
                0x0000000070066428        0xc /opt/gcc-arm-none-eabi/bin/../lib/gcc/arm-none-eabi/6.3.1/../../../../arm-none-eabi/lib/libc.a(lib_a-locale.o)
                                         0x14 (size before relaxing)
 *fill*         0x0000000070066434        0x4 
 .rodata        0x0000000070066438      0x128 /opt/gcc-arm-none-eabi/bin/../lib/gcc/arm-none-eabi/6.3.1/../../../../arm-none-eabi/lib/libc.a(lib_a-mprec.o)
                0x0000000070066448                __mprec_tens
                0x0000000070066510                __mprec_tinytens
                0x0000000070066538                __mprec_bigtens
 .rodata        0x0000000070066560       0x20 /opt/gcc-arm-none-eabi/bin/../lib/gcc/arm-none-eabi/6.3.1/../../../../arm-none-eabi/lib/libc.a(lib_a-svfiprintf.o)
 .rodata.str1.4
                0x0000000070066580       0x30 /opt/gcc-arm-none-eabi/bin/../lib/gcc/arm-none-eabi/6.3.1/../../../../arm-none-eabi/lib/libc.a(lib_a-svfiprintf.o)

.mmudata        0x0000000070068000     0x8000
 .mmudata       0x0000000070068000     0x8000 /home/abaza/Work/POS/Bitel/NewBitel/BT-ADE-v1.06.07.std/IDE/SDK/Macaroni/BtOS/release/objs-btos/cstartup.o

.lib.text       0x0000000070070000     0x1420
 .lib.text      0x0000000070070000     0x1420 /home/abaza/Work/POS/Bitel/NewBitel/BT-ADE-v1.06.07.std/IDE/SDK/Macaroni/BtOS/release/objs-btos/wrkutil.o

.rel.dyn        0x0000000070071420        0x0
 .rel.iplt      0x0000000070071420        0x0 ./build/core1-sdram-debug/objs/printer_pageutils.o

.dtcm           0x0000000000700000        0x0 load address 0x0000000070071420
                0x0000000000700000                __region_start_dtcm = .
                0x0000000000700000                __section_start_data_dtcm = .
 *(.dtcm)
                0x0000000000700000                . = ALIGN (0x20)
                0x0000000000700000                __section_end_data_dtcm = .
                0x0000000000000000                __section_size_data_dtcm = (__section_end_data_dtcm - __section_start_data_dtcm)
                0x0000000000000000                __section_wsize_data_dtcm = (__section_size_data_dtcm / 0x4)
                0x0000000070071420                __section_load_data_dtcm = LOADADDR (.dtcm)

.data           0x0000000070071420     0x2b80
                0x0000000070071420                __section_start_data = .
 *(.jcr)
 *(.got.plt)
 *(.got)
 *(.shdata)
 *(.data .data.* .gnu.linkonce.d.*)
 .data          0x0000000070071420        0x0 ./build/core1-sdram-debug/objs/printer_pageutils.o
 .data          0x0000000070071420        0x0 ./build/core1-sdram-debug/objs/printer_logo_default.o
 .data          0x0000000070071420        0x0 ./build/core1-sdram-debug/objs/RefTable.o
 .data          0x0000000070071420        0x0 ./build/core1-sdram-debug/objs/printer_pagebuilder.o
 .data          0x0000000070071420        0x0 ./build/core1-sdram-debug/objs/main.o
 .data          0x0000000070071420        0x0 ./build/core1-sdram-debug/objs/io.o
 .data          0x0000000070071420        0x0 /home/abaza/Work/POS/Bitel/NewBitel/BT-ADE-v1.06.07.std/IDE/SDK/Macaroni/BtOS/release/objs-btos/bt_util.o
 .data          0x0000000070071420        0x0 /home/abaza/Work/POS/Bitel/NewBitel/BT-ADE-v1.06.07.std/IDE/SDK/Macaroni/BtOS/release/objs-btos/cstartup.o
 .data          0x0000000070071420        0x0 /home/abaza/Work/POS/Bitel/NewBitel/BT-ADE-v1.06.07.std/IDE/SDK/Macaroni/BtOS/release/objs-btos/fntdata.o
 .data          0x0000000070071420       0x10 /home/abaza/Work/POS/Bitel/NewBitel/BT-ADE-v1.06.07.std/IDE/SDK/Macaroni/BtOS/release/objs-btos/wrkutil.o
 .data          0x0000000070071430        0x0 /home/abaza/Work/POS/Bitel/NewBitel/BT-ADE-v1.06.07.std/IDE/SDK/Macaroni/BtOS/release/objs-btos/CryptoLib.o
 .data          0x0000000070071430        0x4 /home/abaza/Work/POS/Bitel/NewBitel/BT-ADE-v1.06.07.std/IDE/SDK/Macaroni/BtOS/release/objs-btos/ppdrv.o
 .data          0x0000000070071434        0x0 /home/abaza/Work/POS/Bitel/NewBitel/BT-ADE-v1.06.07.std/IDE/SDK/Macaroni/BtOS/release/lib/libdebug/libBitelStdApi.a(api-comUART.o)
 .data          0x0000000070071434        0x0 /home/abaza/Work/POS/Bitel/NewBitel/BT-ADE-v1.06.07.std/IDE/SDK/Macaroni/BtOS/release/lib/libdebug/libBitelStdApi.a(api-printer.o)
 .data          0x0000000070071434        0x0 /home/abaza/Work/POS/Bitel/NewBitel/BT-ADE-v1.06.07.std/IDE/SDK/Macaroni/BtOS/release/lib/libdebug/libBitelStdApi.a(sys_printer_m.o)
 .data          0x0000000070071434        0x0 /home/abaza/Work/POS/Bitel/NewBitel/BT-ADE-v1.06.07.std/IDE/SDK/Macaroni/BtOS/release/lib/libdebug/libBitelStdApi.a(api-printer-working.o)
 .data          0x0000000070071434        0x0 /home/abaza/Work/POS/Bitel/NewBitel/BT-ADE-v1.06.07.std/IDE/SDK/Macaroni/BtOS/release/lib/libdebug/libBitelStdApi.a(api-basicSYS.o)
 .data          0x0000000070071434        0x0 /home/abaza/Work/POS/Bitel/NewBitel/BT-ADE-v1.06.07.std/IDE/SDK/Macaroni/BtOS/release/lib/libdebug/libBitelStdApi.a(sys_printer_working_m.o)
 .data          0x0000000070071434        0x0 /home/abaza/Work/POS/Bitel/NewBitel/BT-ADE-v1.06.07.std/IDE/SDK/Macaroni/BtOS/release/lib/libdebug/libBitelStdApi.a(sys_key_m.o)
 .data          0x0000000070071434        0x0 /home/abaza/Work/POS/Bitel/NewBitel/BT-ADE-v1.06.07.std/IDE/SDK/Macaroni/BtOS/release/lib/libdebug/libBitelStdApi.a(sys_sleep_m.o)
 .data          0x0000000070071434        0x0 /home/abaza/Work/POS/Bitel/NewBitel/BT-ADE-v1.06.07.std/IDE/SDK/Macaroni/BtOS/release/lib/libdebug/libBitelStdApi.a(sys_uart_m.o)
 .data          0x0000000070071434        0x0 /home/abaza/Work/POS/Bitel/NewBitel/BT-ADE-v1.06.07.std/IDE/SDK/Macaroni/BtOS/release/lib/libdebug/libBitelStdApi.a(sys_system_m.o)
 .data          0x0000000070071434        0x4 /home/abaza/Work/POS/Bitel/NewBitel/BT-ADE-v1.06.07.std/IDE/SDK/Macaroni/BtOS/release/lib/libdebug/libBitelStdApi.a(sys_flashrom_m.o)
 .data          0x0000000070071438        0x0 /home/abaza/Work/POS/Bitel/NewBitel/BT-ADE-v1.06.07.std/IDE/SDK/Macaroni/BtOS/release/lib/libdebug/libBitelStdApi.a(sys_misc_m.o)
 .data          0x0000000070071438        0x0 /home/abaza/Work/POS/Bitel/NewBitel/BT-ADE-v1.06.07.std/IDE/SDK/Macaroni/BtOS/release/lib/libdebug/libBitelStdApi.a(sys_simselect_m.o)
 .data          0x0000000070071438        0x0 /home/abaza/Work/POS/Bitel/NewBitel/BT-ADE-v1.06.07.std/IDE/SDK/Macaroni/BtOS/release/lib/libdebug/libBitelStdApi.a(sys_powermgmt_m.o)
 .data          0x0000000070071438        0x0 /home/abaza/Work/POS/Bitel/NewBitel/BT-ADE-v1.06.07.std/IDE/SDK/Macaroni/BtOS/release/lib/libdebug/libBitelStdApi.a(sys_rtc_gregorian_m.o)
 .data          0x0000000070071438        0x0 /home/abaza/Work/POS/Bitel/NewBitel/BT-ADE-v1.06.07.std/IDE/SDK/Macaroni/BtOS/release/lib/libdebug/libBitelStdApi.a(sys_rtc_m.o)
 .data          0x0000000070071438        0x0 /home/abaza/Work/POS/Bitel/NewBitel/BT-ADE-v1.06.07.std/IDE/SDK/Macaroni/BtOS/release/lib/libdebug/libBitelStdApi.a(sys_beep_m.o)
 .data          0x0000000070071438        0x0 /home/abaza/Work/POS/Bitel/NewBitel/BT-ADE-v1.06.07.std/IDE/SDK/Macaroni/BtOS/release/lib/libdebug/librsa.a(r_enhanc.o)
 .data          0x0000000070071438        0x0 /home/abaza/Work/POS/Bitel/NewBitel/BT-ADE-v1.06.07.std/IDE/SDK/Macaroni/BtOS/release/lib/libdebug/librsa.a(r_random.o)
 .data          0x0000000070071438        0x0 /home/abaza/Work/POS/Bitel/NewBitel/BT-ADE-v1.06.07.std/IDE/SDK/Macaroni/BtOS/release/lib/libdebug/librsa.a(rsa.o)
 .data          0x0000000070071438        0x0 /home/abaza/Work/POS/Bitel/NewBitel/BT-ADE-v1.06.07.std/IDE/SDK/Macaroni/BtOS/release/lib/libdebug/librsa.a(sha2.o)
 .data          0x0000000070071438        0x0 /home/abaza/Work/POS/Bitel/NewBitel/BT-ADE-v1.06.07.std/IDE/SDK/Macaroni/BtOS/release/lib/libdebug/librsa.a(shsc.o)
 .data          0x0000000070071438        0x0 /home/abaza/Work/POS/Bitel/NewBitel/BT-ADE-v1.06.07.std/IDE/SDK/Macaroni/BtOS/release/lib/libdebug/librsa.a(desc.o)
 .data          0x0000000070071438        0x0 /home/abaza/Work/POS/Bitel/NewBitel/BT-ADE-v1.06.07.std/IDE/SDK/Macaroni/BtOS/release/lib/libdebug/librsa.a(md2c.o)
 .data          0x0000000070071438        0x0 /home/abaza/Work/POS/Bitel/NewBitel/BT-ADE-v1.06.07.std/IDE/SDK/Macaroni/BtOS/release/lib/libdebug/librsa.a(md4c.o)
 .data          0x0000000070071438        0x0 /home/abaza/Work/POS/Bitel/NewBitel/BT-ADE-v1.06.07.std/IDE/SDK/Macaroni/BtOS/release/lib/libdebug/librsa.a(md5c.o)
 .data          0x0000000070071438        0x0 /home/abaza/Work/POS/Bitel/NewBitel/BT-ADE-v1.06.07.std/IDE/SDK/Macaroni/BtOS/release/lib/libdebug/librsa.a(NN.o)
 .data          0x0000000070071438        0x0 /home/abaza/Work/POS/Bitel/NewBitel/BT-ADE-v1.06.07.std/IDE/SDK/Macaroni/BtOS/release/lib/libdebug/librsa.a(r_encode.o)
 .data          0x0000000070071438       0x30 /home/abaza/Work/POS/Bitel/NewBitel/BT-ADE-v1.06.07.std/IDE/SDK/Macaroni/BtOS/release/lib/libdebug/libmiscajc-bitel.a(btcalendar.o)
 .data          0x0000000070071468        0x0 /home/abaza/Work/POS/Bitel/NewBitel/BT-ADE-v1.06.07.std/IDE/SDK/Macaroni/BtOS/release/lib/libdebug/libmiscajc-bitel.a(RprintHex.o)
 .data          0x0000000070071468        0x0 /home/abaza/Work/POS/Bitel/NewBitel/BT-ADE-v1.06.07.std/IDE/SDK/Macaroni/BtOS/release/lib/libdebug/libmiscajc-bitel.a(Rprintf.o)
 .data          0x0000000070071468        0x0 /home/abaza/Work/POS/Bitel/NewBitel/BT-ADE-v1.06.07.std/IDE/SDK/Macaroni/BtOS/release/lib/libdebug/libmiscajc-bitel.a(FRMWRI.o)
 .data          0x0000000070071468       0x30 /home/abaza/Work/POS/Bitel/NewBitel/BT-ADE-v1.06.07.std/IDE/SDK/Macaroni/BtOS/release/lib/libdebug/libmiscajc-bitel.a(etc_lib.o)
                0x0000000070071468                tft_panel
                0x000000007007148c                tdc_reg
 .data          0x0000000070071498        0x0 /home/abaza/Work/POS/Bitel/NewBitel/BT-ADE-v1.06.07.std/IDE/SDK/Macaroni/BtOS/release/lib/libdebug/libmiscajc-bitel.a(COMLIB.o)
 .data          0x0000000070071498     0x222c /home/abaza/Work/POS/Bitel/NewBitel/BT-ADE-v1.06.07.std/IDE/SDK/Macaroni/BtOS/release/lib/libdebug/libmiscajc-bitel.a(BTHW_INFO.o)
 .data          0x00000000700736c4        0x0 /home/abaza/Work/POS/Bitel/NewBitel/BT-ADE-v1.06.07.std/IDE/SDK/Macaroni/BtOS/release/lib/libdebug/libmiscajc-bitel.a(printf_lite.o)
 .data          0x00000000700736c4        0x0 /home/abaza/Work/POS/Bitel/NewBitel/BT-ADE-v1.06.07.std/IDE/SDK/Macaroni/BtOS/release/lib/libdebug/libmiscajc-bitel.a(gpio.o)
 .data          0x00000000700736c4        0x0 /home/abaza/Work/POS/Bitel/NewBitel/BT-ADE-v1.06.07.std/IDE/SDK/Macaroni/SoC/release/lib/libdebug/libdrvsoc.a(init_c.o)
 .data          0x00000000700736c4        0x4 /home/abaza/Work/POS/Bitel/NewBitel/BT-ADE-v1.06.07.std/IDE/SDK/Macaroni/SoC/release/lib/libdebug/libdrvsoc.a(start_c.o)
                0x00000000700736c4                core1_ios
 .data          0x00000000700736c8        0x1 /home/abaza/Work/POS/Bitel/NewBitel/BT-ADE-v1.06.07.std/IDE/SDK/Macaroni/SoC/release/lib/libdebug/libdrvsoc.a(core1_gpio.o)
                0x00000000700736c8                core1_gpio_first_init
 *fill*         0x00000000700736c9        0x3 
 .data          0x00000000700736cc        0x4 /home/abaza/Work/POS/Bitel/NewBitel/BT-ADE-v1.06.07.std/IDE/SDK/Macaroni/SoC/release/lib/libdebug/libdrvsoc.a(core1_i2c.o)
                0x00000000700736cc                i2c_first_init
 .data          0x00000000700736d0        0x0 /home/abaza/Work/POS/Bitel/NewBitel/BT-ADE-v1.06.07.std/IDE/SDK/Macaroni/SoC/release/lib/libdebug/libdrvsoc.a(core1_intc.o)
 .data          0x00000000700736d0        0x0 /home/abaza/Work/POS/Bitel/NewBitel/BT-ADE-v1.06.07.std/IDE/SDK/Macaroni/SoC/release/lib/libdebug/libdrvsoc.a(core1_spi.o)
 .data          0x00000000700736d0        0x0 /home/abaza/Work/POS/Bitel/NewBitel/BT-ADE-v1.06.07.std/IDE/SDK/Macaroni/SoC/release/lib/libdebug/libdrvsoc.a(core1_gcr.o)
 .data          0x00000000700736d0        0x0 /opt/gcc-arm-none-eabi/bin/../lib/gcc/arm-none-eabi/6.3.1/../../../../arm-none-eabi/lib/libc.a(lib_a-asctime.o)
 .data          0x00000000700736d0        0x0 /opt/gcc-arm-none-eabi/bin/../lib/gcc/arm-none-eabi/6.3.1/../../../../arm-none-eabi/lib/libc.a(lib_a-asctime_r.o)
 .data          0x00000000700736d0        0x0 /opt/gcc-arm-none-eabi/bin/../lib/gcc/arm-none-eabi/6.3.1/../../../../arm-none-eabi/lib/libc.a(lib_a-errno.o)
 .data          0x00000000700736d0      0x430 /opt/gcc-arm-none-eabi/bin/../lib/gcc/arm-none-eabi/6.3.1/../../../../arm-none-eabi/lib/libc.a(lib_a-impure.o)
                0x00000000700736d0                _impure_ptr
 .data          0x0000000070073b00        0x0 /opt/gcc-arm-none-eabi/bin/../lib/gcc/arm-none-eabi/6.3.1/../../../../arm-none-eabi/lib/libc.a(lib_a-memcmp.o)
 .data          0x0000000070073b00        0x0 /opt/gcc-arm-none-eabi/bin/../lib/gcc/arm-none-eabi/6.3.1/../../../../arm-none-eabi/lib/libc.a(lib_a-memcpy.o)
 .data          0x0000000070073b00        0x0 /opt/gcc-arm-none-eabi/bin/../lib/gcc/arm-none-eabi/6.3.1/../../../../arm-none-eabi/lib/libc.a(lib_a-memmove.o)
 .data          0x0000000070073b00        0x0 /opt/gcc-arm-none-eabi/bin/../lib/gcc/arm-none-eabi/6.3.1/../../../../arm-none-eabi/lib/libc.a(lib_a-memset.o)
 .data          0x0000000070073b00        0x0 /opt/gcc-arm-none-eabi/bin/../lib/gcc/arm-none-eabi/6.3.1/../../../../arm-none-eabi/lib/libc.a(lib_a-rand.o)
 .data          0x0000000070073b00        0x0 /opt/gcc-arm-none-eabi/bin/../lib/gcc/arm-none-eabi/6.3.1/../../../../arm-none-eabi/lib/libc.a(lib_a-snprintf.o)
 .data          0x0000000070073b00        0x0 /opt/gcc-arm-none-eabi/bin/../lib/gcc/arm-none-eabi/6.3.1/../../../../arm-none-eabi/lib/libc.a(lib_a-sprintf.o)
 .data          0x0000000070073b00        0x0 /opt/gcc-arm-none-eabi/bin/../lib/gcc/arm-none-eabi/6.3.1/../../../../arm-none-eabi/lib/libc.a(lib_a-strcpy.o)
 .data          0x0000000070073b00        0x0 /opt/gcc-arm-none-eabi/bin/../lib/gcc/arm-none-eabi/6.3.1/../../../../arm-none-eabi/lib/libc.a(lib_a-strlen.o)
 .data          0x0000000070073b00        0x0 /opt/gcc-arm-none-eabi/bin/../lib/gcc/arm-none-eabi/6.3.1/../../../../arm-none-eabi/lib/libc.a(lib_a-strncmp.o)
 .data          0x0000000070073b00        0x0 /opt/gcc-arm-none-eabi/bin/../lib/gcc/arm-none-eabi/6.3.1/../../../../arm-none-eabi/lib/libc.a(lib_a-svfprintf.o)
 .data          0x0000000070073b00        0x0 /opt/gcc-arm-none-eabi/bin/../lib/gcc/arm-none-eabi/6.3.1/../../../../arm-none-eabi/lib/libc.a(lib_a-dtoa.o)
 .data          0x0000000070073b00       0x7c /opt/gcc-arm-none-eabi/bin/../lib/gcc/arm-none-eabi/6.3.1/../../../../arm-none-eabi/lib/libc.a(lib_a-locale.o)
                0x0000000070073b20                __mb_cur_max
 .data          0x0000000070073b7c      0x410 /opt/gcc-arm-none-eabi/bin/../lib/gcc/arm-none-eabi/6.3.1/../../../../arm-none-eabi/lib/libc.a(lib_a-mallocr.o)
                0x0000000070073b7c                __malloc_av_
                0x0000000070073f84                __malloc_sbrk_base
                0x0000000070073f88                __malloc_trim_threshold
 .data          0x0000000070073f8c        0x0 /opt/gcc-arm-none-eabi/bin/../lib/gcc/arm-none-eabi/6.3.1/../../../../arm-none-eabi/lib/libc.a(lib_a-memchr.o)
 .data          0x0000000070073f8c        0x0 /opt/gcc-arm-none-eabi/bin/../lib/gcc/arm-none-eabi/6.3.1/../../../../arm-none-eabi/lib/libc.a(lib_a-mlock.o)